media get entity by name: rkisp-isp-subdev is null
media get entity by name: rkisp-input-params is null
media get entity by name: rkisp-statistics is null
media get entity by name: rkisp_mainpath is null
Cound not find rkisp dev names, skipped /dev/media0
ERR: Bad media topology for: /dev/media0
media get entity by name: rkisp-isp-subdev is null
media get entity by name: rkisp-input-params is null
media get entity by name: rkisp-statistics is null
media get entity by name: rkisp_mainpath is null
Cound not find rkisp dev names, skipped /dev/media1
ERR: Bad media topology for: /dev/media1
rkaiq log level ff1
XCORE:K:rk_aiq_init_lib, ISP HW ver: 35

************************** VERSION INFOS **************************
version release date: 2025-08-01
         AIQ:       AIQ v6.0x31.0
git logs:
ce2b68c rkaiq/iqfiles/isp35/common/imx415_CMK-OT1948-PV1_styleDahP0.json : Fix ghosting when capturing moving objects
931bb89 iqfiles: update sc850sl for fastboot

************************ VERSION INFOS END ************************
media get entity by name: rkisp-isp-subdev is null
media get entity by name: rkisp-input-params is null
media get entity by name: rkisp-statistics is null
media get entity by name: rkisp_mainpath is null
Cound not find rkisp dev names, skipped /dev/media3
ERR: Bad media topology for: /dev/media3
ERR: Bad media topology for: /dev/media4
ERR: Bad media topology for: /dev/media5
ERR: Bad media topology for: /dev/media6
ERR: Bad media topology for: /dev/media7
ERR: Bad media topology for: /dev/media8
ERR: Bad media topology for: /dev/media9
ERR: Bad media topology for: /dev/media10
ERR: Bad media topology for: /dev/media11
ERR: Bad media topology for: /dev/media12
ERR: Bad media topology for: /dev/media13
ERR: Bad media topology for: /dev/media14
ERR: Bad media topology for: /dev/media15
XCORE:E:access /etc/iqfiles//sc233hgs_efference-sc233hgs_default.json && /etc/iqfiles//sc233hgs_efference-sc233hgs_default.bin failed!
XCORE:E:_rkAiqManager init error!
XCORE:K:cid[0] rk_aiq_uapi2_sysctl_deinit_locked success.
