grab 120 (27.1 fps)
grab 240 (27.6 fps)
grab 360 (27.9 fps)
grab 480 (28.0 fps)
grab 600 (27.9 fps)
grab 720 (27.9 fps)
grab 840 (27.8 fps)
grab 960 (28.0 fps)
grab 1080 (27.9 fps)
grab 1200 (27.8 fps)
grab 1320 (27.8 fps)
grab 1440 (27.8 fps)
grab 1560 (27.8 fps)
grab 1680 (27.8 fps)
grab 1800 (27.8 fps)
grab 1920 (27.8 fps)
grab 2040 (27.8 fps)
grab 2160 (27.8 fps)
grab 2280 (27.8 fps)
grab 2400 (27.8 fps)
grab 2520 (27.8 fps)
grab 2640 (27.8 fps)
grab 2760 (27.8 fps)
grab 2880 (27.8 fps)
grab 3000 (27.8 fps)
grab 3120 (27.8 fps)
grab 3240 (27.8 fps)
grab 3360 (27.8 fps)
grab 3480 (27.8 fps)
grab 3600 (27.8 fps)
grab 3720 (27.8 fps)
grab 3840 (27.8 fps)
grab 3960 (27.8 fps)
grab 4080 (27.8 fps)
grab 4200 (27.8 fps)
grab 4320 (27.8 fps)
grab 4440 (27.8 fps)
grab 4560 (27.8 fps)
grab 4680 (27.8 fps)
grab 4800 (27.8 fps)
grab 4920 (27.8 fps)
