<<<<<<<<<<<<<<<<<<<<<<<< 30.00 fps, dropped buffers: 8
select timeout
restart_v4l2
<<<<<<<<<<< 30.00 fps, dropped buffers: 22
<<<<<<<<<<<<< 30.00 fps, dropped buffers: 17
<<<<<<<<<<<<<<<<select timeout
restart_v4l2
<<<<<<<<< 30.00 fps, dropped buffers: 24
<<<<<<<<<<<<<< 30.00 fps, dropped buffers: 16
<<<<<<<<<<<<< 30.00 fps, dropped buffers: 16
<<<<<<<<<<< 30.00 fps, dropped buffers: 20
<<<<<<<<<<<<<<<<<< 30.00 fps, dropped buffers: 10
<<<<<<<<< 30.00 fps, dropped buffers: 24
<<<<<<select timeout
restart_v4l2
<<select timeout
restart_v4l2
<<select timeout
restart_v4l2
<<<<<<<< 30.00 fps, dropped buffers: 25
<<<<<<< 30.00 fps, dropped buffers: 21
<<<<<<<<<<<< 30.00 fps, dropped buffers: 18
<<<<<<<<<<<<<<<<<< 30.00 fps, dropped buffers: 12
<<<<<<<<<<<<< 30.00 fps, dropped buffers: 19
<<<<<<<<<< 30.00 fps, dropped buffers: 19
<<<<<<<<<<< 30.00 fps, dropped buffers: 19
<<<<<select timeout
restart_v4l2
<<<<select timeout
restart_v4l2
<<<<<<<<<<<< 30.00 fps, dropped buffers: 19
<<<<<<<<select timeout
restart_v4l2
<<<<<<<<<<<<<< 30.00 fps, dropped buffers: 17
<<<<<<<<<<select timeout
restart_v4l2
<<<<<<<select timeout
restart_v4l2
<<<<<<<<<<<<<<<< 30.00 fps, dropped buffers: 15
<<<<<<<<<<<<<<<<<<< 30.00 fps, dropped buffers: 16
<<<<<<<<<<<<<<<select timeout
restart_v4l2
<<<<<<<<<<<<<<< 30.00 fps, dropped buffers: 18
<<<<<<<<<<<< 30.00 fps, dropped buffers: 19
<<<<<<<<<<<<< 30.00 fps, dropped buffers: 16
<<<<<<<<<<<<< 30.00 fps, dropped buffers: 20
<<<select timeout
restart_v4l2
<<<<<<<<<<<<<< 30.00 fps, dropped buffers: 18
<<<<<<<<<<<<<<<< 30.00 fps, dropped buffers: 14
<<select timeout
restart_v4l2
<<<<<<<<<<<<<< 30.00 fps, dropped buffers: 18
<<<<<<<<<<<<<<<< 30.00 fps, dropped buffers: 13
<<<<<<<<<<<<<<<< 30.00 fps, dropped buffers: 15
<<<<<<<<<<< 30.00 fps, dropped buffers: 25
<<<<<<<<<<< 30.00 fps, dropped buffers: 15
<<<<<<<<<<<<< 30.00 fps, dropped buffers: 14
<<<<<<<<<<<<<<<<<< 30.00 fps, dropped buffers: 13
<<<<<<<<<<<< 30.00 fps, dropped buffers: 18
<select timeout
restart_v4l2
<<<<<<<<<<<<<<<<<<< 30.00 fps, dropped buffers: 14
<<<<<<<<<<<<<< 30.00 fps, dropped buffers: 18
<<<<<<<<<<<<< 30.00 fps, dropped buffers: 16
<<<<<<<<<<<<<< 30.00 fps, dropped buffers: 15
<<<<<<<<<<<<select timeout
restart_v4l2
<<<<<<<<select timeout
restart_v4l2
<<select timeout
restart_v4l2
<<<<<<<<< 30.00 fps, dropped buffers: 23
<<<<<<<<<<<<<< 30.00 fps, dropped buffers: 17
<<<<<<<<<<<< 30.00 fps, dropped buffers: 20
<<<<<<<<<< 30.00 fps, dropped buffers: 18
<<<<<<<<<<<<< 30.00 fps, dropped buffers: 18
<<<<<<<<<< 30.00 fps, dropped buffers: 18
<<select timeout
restart_v4l2
<<<<<<<<< 30.00 fps, dropped buffers: 23
<<<<<<<<<<<< 30.00 fps, dropped buffers: 20
<<<<<<<<<<< 30.00 fps, dropped buffers: 17
<<<<<<<<<<<<< 30.00 fps, dropped buffers: 19
<<<select timeout
restart_v4l2
<<<<<<<<<<<<<< 30.00 fps, dropped buffers: 18
<<select timeout
restart_v4l2
<<<select timeout
restart_v4l2
<select timeout
restart_v4l2
<<<<<<<<<<<<select timeout
restart_v4l2
<<<<<<<<<<<<<<<<<<<< 30.00 fps, dropped buffers: 15
<<<<<<<<<<<< 30.00 fps, dropped buffers: 19
<<<<<<<<<select timeout
restart_v4l2
<<<<<<<select timeout
restart_v4l2
<<<<<<<<<<<<<<<<< 30.00 fps, dropped buffers: 14
<<<<<<<<select timeout
restart_v4l2
<select timeout
restart_v4l2
<<<<<<<<<<<<< 30.00 fps, dropped buffers: 19
<select timeout
restart_v4l2
<<<<<<<<<<< 30.00 fps, dropped buffers: 23
<<<<<select timeout
restart_v4l2
<<<<<<<<<< 30.00 fps, dropped buffers: 24
<<<<<select timeout
restart_v4l2
<<<<<<<<<<<<<<<<< 30.00 fps, dropped buffers: 15
<<<<<<<< 30.00 fps, dropped buffers: 21
<<<<<<<<<<<<<< 30.00 fps, dropped buffers: 18
<<<<<<<<<<< 30.00 fps, dropped buffers: 18
<<<<<<<<<<<<<<< 30.00 fps, dropped buffers: 14
<<<<<<<<<<<<<< 30.00 fps, dropped buffers: 17
<<<<<<<<<select timeout
restart_v4l2
<<<<<<<<<<<<<<<<select timeout
restart_v4l2
<<<<<<<<<<<<<< 30.00 fps, dropped buffers: 22
<<select timeout
restart_v4l2
<<<<<<<<<<<<< 30.00 fps, dropped buffers: 19
<<<<<<<<<< 30.00 fps, dropped buffers: 19
<<<<<<<<<<<<<< 30.00 fps, dropped buffers: 16
<<<<<<<<<<<select timeout
restart_v4l2
<<select timeout
restart_v4l2
<<<<<<<<<<<<<<<<<< 30.00 fps, dropped buffers: 13
<<<<<<<<<<<<< 30.00 fps, dropped buffers: 17
<<<<<<<<<<<<< 30.00 fps, dropped buffers: 19
<<<<<<<<<<<<<<<<< 30.00 fps, dropped buffers: 14
<<<<<<<<<<select timeout
restart_v4l2
<<<<<<<<<<<<< 30.00 fps, dropped buffers: 19
<<<<<<<<<<<<< 30.00 fps, dropped buffers: 16
<<<<<<<<<<<<<<< 30.00 fps, dropped buffers: 17
<<<<<<<<<<<< 30.00 fps, dropped buffers: 20
<<<select timeout
restart_v4l2
<<<<<<<<<<<<<<<<<< 30.00 fps, dropped buffers: 14
<<<<<<select timeout
restart_v4l2
<<<<<<<<select timeout
restart_v4l2
<<<<<<<<select timeout
restart_v4l2
<<<<<<<<<< 30.00 fps, dropped buffers: 22
<<<<<<select timeout
restart_v4l2
<<<<<<<<< 30.00 fps, dropped buffers: 23
<<<<<<<<<<<< 30.00 fps, dropped buffers: 17
<<<<<<<<<<<<< 30.00 fps, dropped buffers: 19
<<<<<<<< 30.00 fps, dropped buffers: 21
<<<<<<<<<<<<<< 30.00 fps, dropped buffers: 20
<<<<<< 30.00 fps, dropped buffers: 20
<<<<<<<<<<< 30.00 fps, dropped buffers: 19
<<<<<<<<<<<<< 30.00 fps, dropped buffers: 16
<<<<<<<<<<<<<<<< 30.00 fps, dropped buffers: 15
<<<<<<<<<<<< 30.00 fps, dropped buffers: 20
<<<<<<<<<<<<< 30.00 fps, dropped buffers: 15
<<<<<<<<<<<< 30.00 fps, dropped buffers: 18
<<<<<<<<<<<<< 30.00 fps, dropped buffers: 17
<<<<<<<<<< 30.00 fps, dropped buffers: 20
<<<<<<<<<<<<<< 30.00 fps, dropped buffers: 16
select timeout
restart_v4l2
<<<<<<<<<< 30.00 fps, dropped buffers: 23
<<<<<<select timeout
restart_v4l2
<<<<<<<<<<<<<<<< 30.00 fps, dropped buffers: 15
select timeout
restart_v4l2
<<<<<<<<<<<<<< 30.00 fps, dropped buffers: 18
<<select timeout
restart_v4l2
<<<<<<<<<<<<<<<< 30.00 fps, dropped buffers: 18
<<<<<<<<<<< 30.00 fps, dropped buffers: 17
<<<<<<<<<< 30.00 fps, dropped buffers: 21
<<<select timeout
restart_v4l2
<<<<<<<<select timeout
restart_v4l2
<<<<<<<<<<<<<<<<<< 30.00 fps, dropped buffers: 15
<<<<<<<<<<<<<<< 30.00 fps, dropped buffers: 14
<<<<<<<<<<<<<<<<<< 30.00 fps, dropped buffers: 13
<<<<<<<<<<<<<<select timeout
restart_v4l2
<<<select timeout
restart_v4l2
<<<<<<<<<<<<< 30.00 fps, dropped buffers: 18
<<<<<<<select timeout
restart_v4l2
<<<<<<<<<<<<<< 30.00 fps, dropped buffers: 17
<<select timeout
restart_v4l2
<<<<<<<<<<<<<<<< 30.00 fps, dropped buffers: 15
<<<<<<<<<<<<<< 30.00 fps, dropped buffers: 17
<<<<<<<<<<<<< 30.00 fps, dropped buffers: 17
<<<<<<<<<<<< 30.00 fps, dropped buffers: 17
<<<<<<<<< 30.00 fps, dropped buffers: 22
<<<<<<<<<<< 30.00 fps, dropped buffers: 18
<<<<<<<<<<<<< 30.00 fps, dropped buffers: 17
<<<<<<<<<<<<<<< 30.00 fps, dropped buffers: 20
<<<<<<<<< 30.00 fps, dropped buffers: 19
<<<<<<<<select timeout
restart_v4l2
<<<<<<<<<<<<<<<<<<<<<< 30.00 fps, dropped buffers: 10
<<<<<<<<<select timeout
restart_v4l2
<<<<<<<<<<<<<<<< 30.00 fps, dropped buffers: 16
<<<<<<<<<<<<<<< 30.00 fps, dropped buffers: 15
<<<<<<<<< 30.00 fps, dropped buffers: 25
<<<<<<<<<<<<< 30.00 fps, dropped buffers: 13
<<<<<<<<<<<<<< 30.00 fps, dropped buffers: 19
<<<<<<<<<< 30.00 fps, dropped buffers: 19
<<<<<<<<<<<< 30.00 fps, dropped buffers: 17
<<<<<<<<<<<<<< 30.00 fps, dropped buffers: 15
<<<<<<<< 30.00 fps, dropped buffers: 23
<<<<<<<<<<<< 30.00 fps, dropped buffers: 16
<<<<<<<<<<<<< 30.00 fps, dropped buffers: 22
select timeout
restart_v4l2
<<<<<<<<<<<<<<<<select timeout
restart_v4l2
<<<<<<<<select timeout
restart_v4l2
<<<<<<<<<<< 30.00 fps, dropped buffers: 21
<<<<<<<<<<<< 30.00 fps, dropped buffers: 17
<select timeout
restart_v4l2
<<select timeout
restart_v4l2
<<<<<<<<<<<<<< 30.00 fps, dropped buffers: 18
<<<<<<<<<<<<<<<<<<< 30.00 fps, dropped buffers: 11
<<<<<<select timeout
restart_v4l2
<<<<<<<<<<<<<< 30.00 fps, dropped buffers: 17
<<select timeout
restart_v4l2
<<<<<<<<select timeout
restart_v4l2
<<<<<<<<<<<<<< 30.00 fps, dropped buffers: 18
<<<<<<<<<<<<< 30.00 fps, dropped buffers: 17
<<<<<<<<<<<<<< 30.00 fps, dropped buffers: 15
<<<<<<<<<<<<<<<<< 30.00 fps, dropped buffers: 13
<<<<<<<select timeout
restart_v4l2
select timeout
restart_v4l2
<<<<<<<<<<<<<<<select timeout
restart_v4l2
<<<<<<<<<<<<<<<<<<< 30.00 fps, dropped buffers: 15
<<<<<<<<<<<< 30.00 fps, dropped buffers: 16
<<<<<<<<<<<<<<<<<< 30.00 fps, dropped buffers: 13
<<<<<<<<<<<<<<<<<<< 30.00 fps, dropped buffers: 13
<<<<<<<<<<<<< 30.00 fps, dropped buffers: 14
<<<<<<<select timeout
restart_v4l2
<<<<<<<<<select timeout
restart_v4l2
<<<<<<<<<<<<<<<< 30.00 fps, dropped buffers: 16
select timeout
restart_v4l2
<<<<<<<<<<<<<<<select timeout
restart_v4l2
<<<<<<<<<<< 30.00 fps, dropped buffers: 20
<<<<<<<<<< 30.00 fps, dropped buffers: 26
<<<<<<<<<<<<< 30.00 fps, dropped buffers: 12
<<<<<<<<<<<<< 30.00 fps, dropped buffers: 16
<<<<<<<<<<<<< 30.00 fps, dropped buffers: 19
<<<<<<<<<<<<<<<<< 30.00 fps, dropped buffers: 12
<<<select timeout
restart_v4l2
<<select timeout
restart_v4l2
<<<<<<<<<<<<<<select timeout
restart_v4l2
<<<<<<<<<<<<<<<<select timeout
restart_v4l2
<<<<<<<<<<<<<<< 30.00 fps, dropped buffers: 17
<<select timeout
restart_v4l2
<<<<<<<<<<<<<<<<<<<< 30.00 fps, dropped buffers: 11
<<<select timeout
restart_v4l2
<<<<<<<<<<< 30.00 fps, dropped buffers: 24
<<<<<<<<<<< 30.00 fps, dropped buffers: 16
<<<<<<<<<<<<<<<< 30.00 fps, dropped buffers: 15
<<<<<<<<<<select timeout
restart_v4l2
<<<<<<<<<< 30.00 fps, dropped buffers: 23
<<<<<<<<< 30.00 fps, dropped buffers: 19
<<<<<<<<<<<<<<<< 30.00 fps, dropped buffers: 14
<<<<<<<<<<<< 30.00 fps, dropped buffers: 20
<<<<<<<<<<<<< 30.00 fps, dropped buffers: 16
<<<<<<<<<<<<<<< 30.00 fps, dropped buffers: 17
<<<<<<<<< 30.00 fps, dropped buffers: 18
<<<<<<<<<<<< 30.00 fps, dropped buffers: 19
<<<<<<<<<<<< 30.00 fps, dropped buffers: 19
<<<<<<<<<<<<<select timeout
restart_v4l2
<<<<<<<<<<<<<<<<<<< 30.00 fps, dropped buffers: 12
<<<<<<<<<<<<<< 30.00 fps, dropped buffers: 17
<<<<<<<<< 30.00 fps, dropped buffers: 20
<<<<<<<<<<<<< 30.00 fps, dropped buffers: 17
<<<<<<select timeout
restart_v4l2
<<<<<<<<<<<< 30.00 fps, dropped buffers: 19
<<<<<<<<<<<< 30.00 fps, dropped buffers: 20
<<<<<<<<<<< 30.00 fps, dropped buffers: 19
<<<<<<<select timeout
restart_v4l2
<<<<<<<<<<<<< 30.00 fps, dropped buffers: 19
<<<<<<<<<<<select timeout
restart_v4l2
<<<<<<<<select timeout
restart_v4l2
<<<<<<<<<<<< 30.00 fps, dropped buffers: 21
<<<<<<<<<<<< 30.00 fps, dropped buffers: 18
<<<<<<<<<< 30.00 fps, dropped buffers: 20
<<<<<<<<<<<<<<<< 30.00 fps, dropped buffers: 12
<<<<<<<<<<<<<< 30.00 fps, dropped buffers: 17
<<<<<<<<<<<< 30.00 fps, dropped buffers: 22
<<<<<<<<<<<<select timeout
restart_v4l2
<<<<<<<<<<<<<<< 30.00 fps, dropped buffers: 17
<<<<<<<<<<<<<<<<< 30.00 fps, dropped buffers: 13
<<<<<<<<select timeout
restart_v4l2
<<<<<<<<<<<<<<<< 30.00 fps, dropped buffers: 16
<<<<<<<<<<< 30.00 fps, dropped buffers: 18
<<<<<<<<<< 30.00 fps, dropped buffers: 20
<<<<<<<<<<<select timeout
restart_v4l2
<<<<<<<<<<<<<<<<<< 30.00 fps, dropped buffers: 17
<<<<<<<<<<<< 30.00 fps, dropped buffers: 16
<<<<<<<<<<select timeout
restart_v4l2
<<select timeout
restart_v4l2
<<<<<<<<<<<<<< 30.00 fps, dropped buffers: 18
<<<<<<<<<<<<<< 30.00 fps, dropped buffers: 15
<<<<<<<<<<select timeout
restart_v4l2
<<<<<<<<<<<<<< 30.00 fps, dropped buffers: 19
<<select timeout
restart_v4l2
<<<<<<<<select timeout
restart_v4l2
<<<<<<<<select timeout
restart_v4l2
<<<<<<<<<<<<<<<<<<< 30.00 fps, dropped buffers: 14
<<<<<<<<<<<<< 30.00 fps, dropped buffers: 16
select timeout
restart_v4l2
<<<<<<<<<<<<<< 30.00 fps, dropped buffers: 18
<<<<<<<<<<<<< 30.00 fps, dropped buffers: 17
<<<<<<<<<<< 30.00 fps, dropped buffers: 19
<<<<<<<<<<<<< 30.00 fps, dropped buffers: 18
<<<<<<<<<<<<<select timeout
restart_v4l2
<<<<<<<<<<<<<<< 30.00 fps, dropped buffers: 21
<<<<<<<<<<<<<< 30.00 fps, dropped buffers: 14
<<<<<<<<<<< 30.00 fps, dropped buffers: 18
<<<<<<<<select timeout
restart_v4l2
<<<<<<<<<<<<<<<<<< 30.00 fps, dropped buffers: 15
<<<<<<<<<<<<<<<< 30.00 fps, dropped buffers: 12
<<<<<<<<<<<<< 30.00 fps, dropped buffers: 21
<<<<<<<<<<<<< 30.00 fps, dropped buffers: 15
<<<<select timeout
restart_v4l2
<<select timeout
restart_v4l2
<<<<<<<<<<<<<<< 30.00 fps, dropped buffers: 18
<<<<<<<<<<<<<<<select timeout
restart_v4l2
<<<<<<<<<<<<<<< 30.00 fps, dropped buffers: 20
<<<<<<<<<<<< 30.00 fps, dropped buffers: 16
select timeout
restart_v4l2
<<<<<<<<<<<<<< 30.00 fps, dropped buffers: 20
<<<<<<<<<<<<< 30.00 fps, dropped buffers: 14
<<<<<<<<<select timeout
restart_v4l2
<<<<<<<<select timeout
restart_v4l2
<<<<<<<<<<<<< 30.00 fps, dropped buffers: 22
<<<<select timeout
restart_v4l2
<<<<<<<<select timeout
restart_v4l2
<<<<<<<<<<<<< 30.00 fps, dropped buffers: 21
<<<<<<<<<<<<<< 30.00 fps, dropped buffers: 15
<<<<<<<<<<<<<<<< 30.00 fps, dropped buffers: 14
<<<<<select timeout
restart_v4l2
<<<<<<<<<<<<<<<<<< 30.00 fps, dropped buffers: 18
<<<<<<<<<<< 30.00 fps, dropped buffers: 14
<<<select timeout
restart_v4l2
<<<<<<<<<<<<<<<<< 30.00 fps, dropped buffers: 15
<<<<<<<<<<<<<< 30.00 fps, dropped buffers: 18
<select timeout
restart_v4l2
<<<<<<<<<<<<<< 30.00 fps, dropped buffers: 17
<<<<<<<<<< 30.00 fps, dropped buffers: 20
select timeout
restart_v4l2
<<<<<<<<<<<<<<<<< 30.00 fps, dropped buffers: 15
<<<select timeout
restart_v4l2
<<<<<<<<<<<<< 30.00 fps, dropped buffers: 22
<<<<<<<<<<<< 30.00 fps, dropped buffers: 15
<<<<<<<<<<<< 30.00 fps, dropped buffers: 19
<<<<<<<<<<<< 30.00 fps, dropped buffers: 17
<<<<<<<<<<<select timeout
restart_v4l2
<<<<<<<<<<<<<<< 30.00 fps, dropped buffers: 16
<<<<<<<<<<<<<<<<<< 30.00 fps, dropped buffers: 12
<<<<<<<select timeout
restart_v4l2
<<<<<<<<<<<<<<<< 30.00 fps, dropped buffers: 17
<<<<<<<<select timeout
restart_v4l2
<<<<<<<<<<<<<<<<<< 30.00 fps, dropped buffers: 14
<<<<<<<<<<<<< 30.00 fps, dropped buffers: 16
<select timeout
restart_v4l2
<<<<<<<<<<<<<<<< 30.00 fps, dropped buffers: 16
select timeout
restart_v4l2
<<<<<<<<<select timeout
restart_v4l2
<<<<<<<<<<<<<<< 30.00 fps, dropped buffers: 17
<<<<<<<<<<<< 30.00 fps, dropped buffers: 21
<<<<select timeout
restart_v4l2
<<<<<<<<<<<<<<< 30.00 fps, dropped buffers: 16
<<<<<<<<<<<< 30.00 fps, dropped buffers: 18
<<<<<<<<<<<<<<<< 30.00 fps, dropped buffers: 14
<<<<<<<<<<<<< 30.00 fps, dropped buffers: 18
select timeout
restart_v4l2
<<<<<<<<<<<<<<< 30.00 fps, dropped buffers: 16
<<<<<<<<<<select timeout
restart_v4l2
<<<<<<<<<<<< 30.00 fps, dropped buffers: 23
<<<<<<<<<< 30.00 fps, dropped buffers: 17
<<<<<select timeout
restart_v4l2
<<<<<<<<<<<<< 30.00 fps, dropped buffers: 19
<<<<<<<<<<<<< 30.00 fps, dropped buffers: 18
<<<<<<<<<<<<<<<<<<<< 30.00 fps, dropped buffers: 12
<<<<<<<<<<<<<< 30.00 fps, dropped buffers: 16
select timeout
restart_v4l2
<<<<<<<<<<<<<< 30.00 fps, dropped buffers: 18
<<<<<<<<<<<<<<<<<< 30.00 fps, dropped buffers: 14
<<<<<<<<<<< 30.00 fps, dropped buffers: 17
<<<<<<<<<<<<<<<< 30.00 fps, dropped buffers: 15
<<<<<<select timeout
restart_v4l2
<<<<<<<<<<<<<< 30.00 fps, dropped buffers: 24
<<<<<<<<<<< 30.00 fps, dropped buffers: 13
<<<<<<select timeout
restart_v4l2
<<<<<<<<<<<< 30.00 fps, dropped buffers: 22
<<<<<<<<<<<< 30.00 fps, dropped buffers: 17
select timeout
restart_v4l2
<<<<<<<<<<<<<<<<<<< 30.00 fps, dropped buffers: 12
<<<<<<<<<<<<<<<<< 30.00 fps, dropped buffers: 14
<<<<select timeout
restart_v4l2
<<<<<<<<<<<<<<<< 30.00 fps, dropped buffers: 15
<<<<<<<<<<<<<<<<< 30.00 fps, dropped buffers: 15
<<<<<<<<select timeout
restart_v4l2
<<<select timeout
restart_v4l2
<<select timeout
restart_v4l2
<<<<<<<<<<<<< 30.00 fps, dropped buffers: 18
<<<<<<<<<<< 30.00 fps, dropped buffers: 19
<<<<<<<<<<<<<<<< 30.00 fps, dropped buffers: 14
<<<<<<<<<<<<<< 30.00 fps, dropped buffers: 18
<<<<select timeout
restart_v4l2
<<<<<<<<<<<<<< 30.00 fps, dropped buffers: 17
<<<<<select timeout
restart_v4l2
<<<<<<<<<<<<< 30.00 fps, dropped buffers: 20
<<<<<<<select timeout
restart_v4l2
<<<<<<<<<<<<<<<<< 30.00 fps, dropped buffers: 14
<<<<<<<<<<<<< 30.00 fps, dropped buffers: 17
<<<<<<<<<<<<<<< 30.00 fps, dropped buffers: 21
<<<<<<<<<<<< 30.00 fps, dropped buffers: 12
<<<<<<<<<<<<< 30.00 fps, dropped buffers: 18
<<<<<<<<<<<<< 30.00 fps, dropped buffers: 20
<<<<<<<<<<<< 30.00 fps, dropped buffers: 14
<<<<<<<<<<<<<<<<< 30.00 fps, dropped buffers: 13
<<<<<<<<select timeout
restart_v4l2
<<<<<<<<<<<<< 30.00 fps, dropped buffers: 18
<<<<<<<<<<<<< 30.00 fps, dropped buffers: 19
<<<<<<<<<<<< 30.00 fps, dropped buffers: 16
<<<<<<<<<<select timeout
restart_v4l2
<<<<<<<<select timeout
restart_v4l2
<<<<<<<<select timeout
restart_v4l2
<<<<<<<<<<<<<<<<<<< 30.00 fps, dropped buffers: 14
<<<<<<<<<<<<<<<< 30.00 fps, dropped buffers: 12
<<<<<select timeout
restart_v4l2
<<<<<<<<<< 30.00 fps, dropped buffers: 22
<<<<<<<<<<<<<<<<< 30.00 fps, dropped buffers: 12
<<<<<<<<<<<< 30.00 fps, dropped buffers: 18
<<<<<<<<<select timeout
restart_v4l2
<<<<<<<<<<<<< 30.00 fps, dropped buffers: 18
<<<<<<<<<<<select timeout
restart_v4l2
<<<<<<<<select timeout
restart_v4l2
<<<<<<select timeout
restart_v4l2
<<<<<<<<<<<<<< 30.00 fps, dropped buffers: 22
<<<<<<<<<<<<< 30.00 fps, dropped buffers: 13
<<<<<<<<<<<<< 30.00 fps, dropped buffers: 17
<<<<<<<<<<< 30.00 fps, dropped buffers: 20
<<<<<<<<<select timeout
restart_v4l2
<<<<<<<<<<<<<<<<< 30.00 fps, dropped buffers: 14
<<<<<<<<<<<<<<< 30.00 fps, dropped buffers: 18
<<<<<<<<<<< 30.00 fps, dropped buffers: 16
<<<<<<<<<<< 30.00 fps, dropped buffers: 20
<<<<<<<<<select timeout
restart_v4l2
<<<<<<<<<<<<<<<<select timeout
restart_v4l2
<<<<<<<<<<<<<<<< 30.00 fps, dropped buffers: 16
<<<<<<<<select timeout
restart_v4l2
<<<<<<<<<<<<<<<<<<<< 30.00 fps, dropped buffers: 12
<<<<<<<<<<<< 30.00 fps, dropped buffers: 18
select timeout
restart_v4l2
<<<<<<<<<<<<<<<< 30.00 fps, dropped buffers: 16
<<<<<<<<select timeout
restart_v4l2
<<<<<<<<<<<<<< 30.00 fps, dropped buffers: 17
<<<<<<<<<<<<<< 30.00 fps, dropped buffers: 16
<<<<select timeout
restart_v4l2
<<<<<<<<<<<<<<< 30.00 fps, dropped buffers: 17
<<<<<<<<<<<<<<< 30.00 fps, dropped buffers: 14
<<<<<<<<<<<<<<<< 30.00 fps, dropped buffers: 14
<<<<<<<<<<< 30.00 fps, dropped buffers: 20
<<<<<<<<<<<<<< 30.00 fps, dropped buffers: 19
<<<<<<<<<<< 30.00 fps, dropped buffers: 16
<<<<<<<<<<< 30.00 fps, dropped buffers: 19
<<<<<<<<<<<<<<< 30.00 fps, dropped buffers: 14
<<<<<<<<<<<<< 30.00 fps, dropped buffers: 18
<<<<<<<<<<<<<<<< 30.00 fps, dropped buffers: 13
<<<<<<<<<<< 30.00 fps, dropped buffers: 21
<<<<select timeout
restart_v4l2
<<<<<<<<select timeout
restart_v4l2
<<<<<<<<<<<<<<<< 30.00 fps, dropped buffers: 16
<<<<<<<<<< 30.00 fps, dropped buffers: 19
<<<<<<<<<<<< 30.00 fps, dropped buffers: 20
<<<<<<<<<<select timeout
restart_v4l2
<<<<<<<<<<<<<< 30.00 fps, dropped buffers: 20
<<<<<<<<<<select timeout
restart_v4l2
<<select timeout
restart_v4l2
<<<<<<<<<<< 30.00 fps, dropped buffers: 23
<<<<<<<<<<<<<< 30.00 fps, dropped buffers: 14
<<<<<<<<<<<< 30.00 fps, dropped buffers: 18
<<<<<<<<<<<<< 30.00 fps, dropped buffers: 17
<<<<<<<<<<<<<<<< 30.00 fps, dropped buffers: 16
<<<<select timeout
restart_v4l2
<<<<<<<<select timeout
restart_v4l2
<<<<<<<<<<<<<<<<< 30.00 fps, dropped buffers: 17
<<<<<<<select timeout
restart_v4l2
<<<<<<<<<<<<<<<<<<< 30.00 fps, dropped buffers: 16
<<<<<<<<< 30.00 fps, dropped buffers: 18
<<<<<<<<<<<<select timeout
restart_v4l2
<<<<<<<<<<<< 30.00 fps, dropped buffers: 20
<<<<<<<<<<<<<<< 30.00 fps, dropped buffers: 14
<<<<<<<<<<<<< 30.00 fps, dropped buffers: 19
<<<<<<<<<<<<<<< 30.00 fps, dropped buffers: 13
<select timeout
restart_v4l2
<<<<<<<<<<<<<< 30.00 fps, dropped buffers: 20
<<<<<<<<<<<<<<< 30.00 fps, dropped buffers: 13
<<<select timeout
restart_v4l2
<<<<<<<<<<<<<<<< 30.00 fps, dropped buffers: 16
<<<<<<<<<<<<<<< 30.00 fps, dropped buffers: 17
<<<<<<<<<<<<<<<<< 30.00 fps, dropped buffers: 11
<<<<<<<<<<<<<< 30.00 fps, dropped buffers: 20
<<select timeout
restart_v4l2
<<<<<<<<select timeout
restart_v4l2
<<<<<<<<<<<<<<<< 30.00 fps, dropped buffers: 20
<<<<<<<<<select timeout
restart_v4l2
<<<<<<<<<<<<< 30.00 fps, dropped buffers: 21
<<<<<<<<<<< 30.00 fps, dropped buffers: 18
<<<<<<<<<<<<<<< 30.00 fps, dropped buffers: 14
<<<<<<<<<<< 30.00 fps, dropped buffers: 21
<<<<<<<<<<<<<<<<< 30.00 fps, dropped buffers: 13
<<<<<<<<<<<select timeout
restart_v4l2
<<<<<<<<<<<<< 30.00 fps, dropped buffers: 20
<<<<<<<<<<<<<<< 30.00 fps, dropped buffers: 16
<<<<<<<<<<<<select timeout
restart_v4l2
<<<<<<<<select timeout
restart_v4l2
<<select timeout
restart_v4l2
<<<<<<<<<<<<<< 30.00 fps, dropped buffers: 19
<<<<<<<<<<<< 30.00 fps, dropped buffers: 21
<<<<<<<<<<<<<select timeout
restart_v4l2
<<<<<<<<<<<<<< 30.00 fps, dropped buffers: 20
<<select timeout
restart_v4l2
<<<<<<<<<<<<<<<< 30.00 fps, dropped buffers: 16
select timeout
restart_v4l2
<<<<<<<<<<<<< 30.00 fps, dropped buffers: 18
<<<<<<<<<<<<<< 30.00 fps, dropped buffers: 21
<<<<<<<<<<<< 30.00 fps, dropped buffers: 14
<<<<<<<<<<<<<< 30.00 fps, dropped buffers: 15
<<<<<<<<<<<<<<<<<<<< 30.00 fps, dropped buffers: 16
<<<<<<<<< 30.00 fps, dropped buffers: 15
<<<<<<<<<<<<<<<< 30.00 fps, dropped buffers: 14
<<<<<<<<<<<<<<< 30.00 fps, dropped buffers: 17
<<<<<<<<<<<<<< 30.00 fps, dropped buffers: 15
<<<<<<<<<<<<<<<<<<< 30.00 fps, dropped buffers: 10
<<<<<<<<<<<<<<< 30.00 fps, dropped buffers: 16
<<<<<<<<<<< 30.00 fps, dropped buffers: 18
<<<<<<<<<<<<<<<< 30.00 fps, dropped buffers: 16
<<<<<select timeout
restart_v4l2
<select timeout
restart_v4l2
<<select timeout
restart_v4l2
<<<select timeout
restart_v4l2
<<<<<<<<<<<<<<<< 30.00 fps, dropped buffers: 16
<<<<<<<<<<<<< 30.00 fps, dropped buffers: 16
<<<<<<<<<<<<<< 30.00 fps, dropped buffers: 19
<<<<<<<<<<<<< 30.00 fps, dropped buffers: 16
<<<<<<<<select timeout
restart_v4l2
<<<<<<<<<<<<<< 30.00 fps, dropped buffers: 18
<<<<<<<<<<<<< 30.00 fps, dropped buffers: 16
<<<<<<<<<<<<<< 30.00 fps, dropped buffers: 16
<<<<<<<<<<<<<<< 30.00 fps, dropped buffers: 16
select timeout
restart_v4l2
<<<<<<<<select timeout
restart_v4l2
<<<<<<<<<<<<< 30.00 fps, dropped buffers: 19
<<<<<<<<<<<<<<<<<< 30.00 fps, dropped buffers: 12
<<<<<<<<<<<< 30.00 fps, dropped buffers: 22
<<<<<<<<<<<<<< 30.00 fps, dropped buffers: 12
<<<<<<<<<select timeout
restart_v4l2
<<<<<<<<<<<<< 30.00 fps, dropped buffers: 18
<<select timeout
restart_v4l2
<<<<<<<<<<<<<<< 30.00 fps, dropped buffers: 17
<<<<<<<<<<<<< 30.00 fps, dropped buffers: 19
<<<<<<<<<<<< 30.00 fps, dropped buffers: 16
<<<<<<<<select timeout
restart_v4l2
<<<<<<<<<<<<<< 30.00 fps, dropped buffers: 18
<<<<<<<<<<select timeout
restart_v4l2
<<<<<<<<<<<< 30.00 fps, dropped buffers: 19
<<<<select timeout
restart_v4l2
<<<<<<<<<<<<<<<<< 30.00 fps, dropped buffers: 17
select timeout
restart_v4l2
<<<<<<<<<<<<<<<<<< 30.00 fps, dropped buffers: 14
<<<<<<<< 30.00 fps, dropped buffers: 21
<<<<<<<<<< 30.00 fps, dropped buffers: 20
<<<select timeout
restart_v4l2
<<<<<<<<select timeout
restart_v4l2
<<<<<<<<<<<<<< 30.00 fps, dropped buffers: 18
<<<<<<<<< 30.00 fps, dropped buffers: 22
<<<<<<<<<<select timeout
restart_v4l2
<<<<<<<select timeout
restart_v4l2
<<<<<<<<select timeout
restart_v4l2
<<<<<<<<<< 30.00 fps, dropped buffers: 23
<<<<<<<<<<<<<< 30.00 fps, dropped buffers: 16
<<<<<<<<<<<<< 30.00 fps, dropped buffers: 15
<<<<<<<<<<<select timeout
restart_v4l2
<<<<<<<<<<<<<< 30.00 fps, dropped buffers: 22
<<<<<<<<<<<<< 30.00 fps, dropped buffers: 15
<<<<<<<<<<<<< 30.00 fps, dropped buffers: 14
<<<<<<<<select timeout
restart_v4l2
<<<<<<<<<<<<< 30.00 fps, dropped buffers: 19
<<<<<<<< 30.00 fps, dropped buffers: 22
<<<select timeout
restart_v4l2
<<<<<<<<<<<<<<<<<<<< 30.00 fps, dropped buffers: 12
<<<<<<<<< 30.00 fps, dropped buffers: 23
<<<<<<<<<<<<<<< 30.00 fps, dropped buffers: 13
<<<<<<<<<<< 30.00 fps, dropped buffers: 20
<<<<<<<<<select timeout
restart_v4l2
<<<<<<<<<<<<<<<<<< 30.00 fps, dropped buffers: 14
<<<<<<<<<<<< 30.00 fps, dropped buffers: 18
<<<<<<<<<<<<<<< 30.00 fps, dropped buffers: 14
<<<<<<<<<<<<<< 30.00 fps, dropped buffers: 16
<<<<<<<<<<<<<<< 30.00 fps, dropped buffers: 17
<<<<<<select timeout
restart_v4l2
<<<<<<<<<<<<<<<< 30.00 fps, dropped buffers: 16
<<<<<<<<<<<<<<<<<< 30.00 fps, dropped buffers: 12
<<<<<<<<<<<<<<select timeout
restart_v4l2
<<<<<<<<<<<<<<< 30.00 fps, dropped buffers: 17
<<<<<<<<<<<select timeout
restart_v4l2
<<<<<<<<<<<<<<<< 30.00 fps, dropped buffers: 17
<<<<<<<<<<<< 30.00 fps, dropped buffers: 17
<<<<<<<<<<<<<< 30.00 fps, dropped buffers: 18
<<<<select timeout
restart_v4l2
<<<<<<<<<<<<<<<< 30.00 fps, dropped buffers: 15
<<<<<<<<<<<< 30.00 fps, dropped buffers: 18
<<<<select timeout
restart_v4l2
<<<<<<<<<<< 30.00 fps, dropped buffers: 22
<<<<<select timeout
restart_v4l2
<<<<<<<<<<<<< 30.00 fps, dropped buffers: 20
<<<select timeout
restart_v4l2
<<<<<<<<select timeout
restart_v4l2
<<<<<<<<<<<<< 30.00 fps, dropped buffers: 19
<<<<<<<< 30.00 fps, dropped buffers: 23
<<<<<<<<<<<< 30.00 fps, dropped buffers: 16
<<<<<<<select timeout
restart_v4l2
<<<<<<<<select timeout
restart_v4l2
<<select timeout
restart_v4l2
<<<<<<<<<<<< 30.00 fps, dropped buffers: 20
<<<<<<<<<<< 30.00 fps, dropped buffers: 20
<<<<<<<<<<<<<< 30.00 fps, dropped buffers: 17
<<<<<<<<<<<<<<<< 30.00 fps, dropped buffers: 13
<<<<<<<<< 30.00 fps, dropped buffers: 19
<<<<<<select timeout
restart_v4l2
<<<<<<<<<<<<< 30.00 fps, dropped buffers: 18
<<<<<<select timeout
restart_v4l2
<<<<<<<<<<<<<<<< 30.00 fps, dropped buffers: 15
<<<<<<<<<<<<<<<<<<< 30.00 fps, dropped buffers: 17
<<<<<<<<<<<<<<< 30.00 fps, dropped buffers: 9
<<<<<<<<<<<< 30.00 fps, dropped buffers: 19
<<<<<<<<<<<< 30.00 fps, dropped buffers: 17
<<<<<<<<<<< 30.00 fps, dropped buffers: 19
<<<<<<<<<<<<< 30.00 fps, dropped buffers: 17
<<<<<<<<<<< 30.00 fps, dropped buffers: 22
<<<<<<<<<<select timeout
restart_v4l2
<<<<<<<<<<<<<<< 30.00 fps, dropped buffers: 17
<<<<<<<<<<<<<<< 30.00 fps, dropped buffers: 16
<<<<<<<<<<select timeout
restart_v4l2
<<<<<<<<<<<<<<<<select timeout
restart_v4l2
<<<<<<<<select timeout
restart_v4l2
<<<<<<<<<<<<<<< 30.00 fps, dropped buffers: 21
<<<<<<<<<<<< 30.00 fps, dropped buffers: 14
<<<<<<<<<<<<< 30.00 fps, dropped buffers: 21
select timeout
restart_v4l2
<<<<<<<<<<<< 30.00 fps, dropped buffers: 20
<<<<<<<<<<<< 30.00 fps, dropped buffers: 30
<<<<<<<<< 30.00 fps, dropped buffers: 9
<<<<<<<<<<<<<< 30.00 fps, dropped buffers: 16
<select timeout
restart_v4l2
<<<<<<<<<<<<<< 30.00 fps, dropped buffers: 18
<<select timeout
restart_v4l2
<<<<<<<<select timeout
restart_v4l2
<<<<<<<<<<< 30.00 fps, dropped buffers: 21
<<<<<select timeout
restart_v4l2
<<<<<<<<<<<<<<<< 30.00 fps, dropped buffers: 16
select timeout
restart_v4l2
<<<<<<<<<<<<<<<< 30.00 fps, dropped buffers: 16
<<<<<<<<<<<<<< 30.00 fps, dropped buffers: 15
<<<<<<<<<<<<<<< 30.00 fps, dropped buffers: 17
<<<<<<<<<< 30.00 fps, dropped buffers: 19
<<<<<<<<<< 30.00 fps, dropped buffers: 20
<<<<<<<<<<< 30.00 fps, dropped buffers: 20
<<<<<<<<<<< 30.00 fps, dropped buffers: 17
<<<<<<<<<select timeout
restart_v4l2
<<<<<<<<<<<<<<<<<< 30.00 fps, dropped buffers: 13
<<<<<<select timeout
restart_v4l2
<<<<<<<<<<<<<<< 30.00 fps, dropped buffers: 18
<<<<<<<<<<<<< 30.00 fps, dropped buffers: 16
<<<<select timeout
restart_v4l2
<<<<<<<<<<<<<<<<<<<< 30.00 fps, dropped buffers: 11
<<<<<<<<<<<<< 30.00 fps, dropped buffers: 20
<<<<<<<<<<<<< 30.00 fps, dropped buffers: 15
<<<<<<<<<<<< 30.00 fps, dropped buffers: 18
<<<<<<<<<<<<<<< 30.00 fps, dropped buffers: 16
<<<<<<<<<<<<<<<< 30.00 fps, dropped buffers: 12
<<<<<<<<<<<<< 30.00 fps, dropped buffers: 18
<<select timeout
restart_v4l2
<<<<<<<<<<<<<<<< 30.00 fps, dropped buffers: 16
<<<<<<< 30.00 fps, dropped buffers: 23
<<<<<<<<<<<<<< 30.00 fps, dropped buffers: 16
<<<select timeout
restart_v4l2
<<<<<<<<<<<<<< 30.00 fps, dropped buffers: 21
<<<<<<<<<<<< 30.00 fps, dropped buffers: 14
<<<<<<select timeout
restart_v4l2
<<select timeout
restart_v4l2
<<select timeout
restart_v4l2
<<<<<<<<<<<<select timeout
restart_v4l2
<<<<<<<<<<<<<<<<<<< 30.00 fps, dropped buffers: 14
<<<<<<<<<< 30.00 fps, dropped buffers: 20
<<<<<<<<<<<<<<<<<< 30.00 fps, dropped buffers: 11
<<<<<<<<<<<<<<<<<select timeout
restart_v4l2
<<<<<<<<<<<<< 30.00 fps, dropped buffers: 18
<<<<<<<<<<<<< 30.00 fps, dropped buffers: 18
<<<<<<select timeout
restart_v4l2
<<<<<<<<<<<<<<< 30.00 fps, dropped buffers: 17
<<<<<<<<<<<<<< 30.00 fps, dropped buffers: 16
<<<<<<<<<<< 30.00 fps, dropped buffers: 22
<<<<<<<<<<<<<< 30.00 fps, dropped buffers: 13
<<<<<<<<<<<< 30.00 fps, dropped buffers: 18
<<<<<<<<<<<<< 30.00 fps, dropped buffers: 17
<<<<<<<<<<<<<<<< 30.00 fps, dropped buffers: 15
<<<<<<<<<select timeout
restart_v4l2
<<<<<<<<<<<<<<< 30.00 fps, dropped buffers: 20
<<<<<<<<<< 30.00 fps, dropped buffers: 16
<<<<<<<<<<<<<<< 30.00 fps, dropped buffers: 16
<<<<<<<<<<<<<< 30.00 fps, dropped buffers: 16
<<select timeout
restart_v4l2
<<<<<<<<<<<<<<<< 30.00 fps, dropped buffers: 15
select timeout
restart_v4l2
<<<select timeout
restart_v4l2
<<<<<<<<<<<<<<select timeout
restart_v4l2
<<<<<<<<<<<<<<<select timeout
restart_v4l2
<<<<<<<<<<<<<<< 30.00 fps, dropped buffers: 18
<<<<<<<<<<<<<< 30.00 fps, dropped buffers: 14
<<<select timeout
restart_v4l2
<<select timeout
restart_v4l2
<<select timeout
restart_v4l2
<<<<<<<<<<<<select timeout
restart_v4l2
<<<<<<<<<<<<<< 30.00 fps, dropped buffers: 18
<<<<<<<<<<<<<< 30.00 fps, dropped buffers: 15
<<<<<<<<<<<<select timeout
restart_v4l2
<<<<<<<<<<<<<<<<<< 30.00 fps, dropped buffers: 19
<<<<<<< 30.00 fps, dropped buffers: 18
<<<<<<<select timeout
restart_v4l2
<<<<<<<<<<<<< 30.00 fps, dropped buffers: 18
<<<<<<<<<<< 30.00 fps, dropped buffers: 19
<<<<<<<<select timeout
restart_v4l2
<<<<<<<<select timeout
restart_v4l2
<<<<<<<<<<<<<<<<<<<<< 30.00 fps, dropped buffers: 12
<<<<<<<<<<<<<< 30.00 fps, dropped buffers: 19
<<<<<<<<<< 30.00 fps, dropped buffers: 16
<<<<<<<<<<<select timeout
restart_v4l2
<<<<<<<<<<<<<<<<< 30.00 fps, dropped buffers: 15
<<<<<<<select timeout
restart_v4l2
<<<<<<<<<<<<<<< 30.00 fps, dropped buffers: 18
<select timeout
restart_v4l2
<<<select timeout
restart_v4l2
<<<<<<<<<<<<<<<<<< 30.00 fps, dropped buffers: 15
<<<<<<<<<<<< 30.00 fps, dropped buffers: 16
<<<<<<<<<<<<<<select timeout
restart_v4l2
<<<<<<<<<<<<< 30.00 fps, dropped buffers: 19
<<<select timeout
restart_v4l2
<<<<<<<<<<<<<<<<<< 30.00 fps, dropped buffers: 15
<<<<<<select timeout
restart_v4l2
<<<<<<<<select timeout
restart_v4l2
<<<<select timeout
restart_v4l2
<<<<<<<<<<<<<<<<< 30.00 fps, dropped buffers: 16
<<<<<<<<<<<select timeout
restart_v4l2
<<<<<<<<<<<<<< 30.00 fps, dropped buffers: 17
<<<<<<<<<<<<<<<< 30.00 fps, dropped buffers: 17
<<<<<<<<<<select timeout
restart_v4l2
<<<<<<<<<<<< 30.00 fps, dropped buffers: 21
<<<<<<<<<<<<< 30.00 fps, dropped buffers: 15
<<<<<<<<<<<<<<< 30.00 fps, dropped buffers: 17
<<<<<<<<select timeout
restart_v4l2
<<<<<<<<<<<<<<<<< 30.00 fps, dropped buffers: 17
<<<<<<<select timeout
restart_v4l2
<<<<<<<<<<<<<<< 30.00 fps, dropped buffers: 18
<<<<<<<<<<<<< 30.00 fps, dropped buffers: 15
<<<<select timeout
restart_v4l2
<<select timeout
restart_v4l2
<<<<<<<<<<<<< 30.00 fps, dropped buffers: 22
<<<<<<<<<<<<<< 30.00 fps, dropped buffers: 16
<<<<<<<<<<<< 30.00 fps, dropped buffers: 16
<<<<<<<<select timeout
restart_v4l2
<<select timeout
restart_v4l2
<<<<<<<<<<<<< 30.00 fps, dropped buffers: 19
<<<<<<<<<<<<<< 30.00 fps, dropped buffers: 16
<<<<<<<<<<<< 30.00 fps, dropped buffers: 19
<<<<<<<<<<<<<< 30.00 fps, dropped buffers: 16
<<<<<<<<<<<<<<< 30.00 fps, dropped buffers: 14
<<<<<<<<<<<<<<<<< 30.00 fps, dropped buffers: 13
<<<<<<<<<<<<<< 30.00 fps, dropped buffers: 15
<<<<<<<<<<<<<< 30.00 fps, dropped buffers: 17
<<<<<<<<<<<<<<< 30.00 fps, dropped buffers: 14
<<<<<<select timeout
restart_v4l2
<<<<<<<<<<<<<<< 30.00 fps, dropped buffers: 17
<<<<<<<<<< 30.00 fps, dropped buffers: 20
<<<<<<<<<<<< 30.00 fps, dropped buffers: 20
<<<<<<<<<<< 30.00 fps, dropped buffers: 17
<<<<<<<<<<<<< 30.00 fps, dropped buffers: 17
<<<<<<<<<<<<< 30.00 fps, dropped buffers: 19
<<<<<<select timeout
restart_v4l2
<<<<<<<<select timeout
restart_v4l2
<<<<<<<<<<<<< 30.00 fps, dropped buffers: 19
<<<<<<<<<<<< 30.00 fps, dropped buffers: 17
<<<<<<<<<<<< 30.00 fps, dropped buffers: 20
<<<<<<< 30.00 fps, dropped buffers: 21
<<<<<<<<<<<<<<<<<< 30.00 fps, dropped buffers: 14
<<select timeout
restart_v4l2
<<<<<<<<select timeout
restart_v4l2
<<<<<<<<<<<<<<<<<< 30.00 fps, dropped buffers: 14
<<<<<<<<<<<<<< 30.00 fps, dropped buffers: 20
<<<<<<<<<<<<<<< 30.00 fps, dropped buffers: 13
<<<<<<<<<<<<< 30.00 fps, dropped buffers: 15
<<<<<<<<<<<<<<< 30.00 fps, dropped buffers: 17
<<<<<<<<<<<<<< 30.00 fps, dropped buffers: 15
<<<<<<<<<< 30.00 fps, dropped buffers: 18
<<<<<<<<<<<<<< 30.00 fps, dropped buffers: 18
<<<<<<<<<<<<<<<<<< 30.00 fps, dropped buffers: 11
<<<<<<<<<<<<<< 30.00 fps, dropped buffers: 16
<<<<<<<<select timeout
restart_v4l2
<<select timeout
restart_v4l2
<<<<<<<<<<<< 30.00 fps, dropped buffers: 21
<<<<<<<<<<<<<<<< 30.00 fps, dropped buffers: 12
select timeout
restart_v4l2
<<<<<<<<<<<<<<<<<<< 30.00 fps, dropped buffers: 13
<<<<<<<<<<<<<< 30.00 fps, dropped buffers: 17
<<<<<<<<<<<<< 30.00 fps, dropped buffers: 16
<<select timeout
restart_v4l2
<<<<<<<<select timeout
restart_v4l2
<<<<<<<<<<<<<<< 30.00 fps, dropped buffers: 17
<<select timeout
restart_v4l2
<<<<<<<<<<<<<< 30.00 fps, dropped buffers: 18
<<<<<<<<<<< 30.00 fps, dropped buffers: 18
<<<<<<<<<<<<<<<select timeout
restart_v4l2
<<<<<<<<<<<<<<<<< 30.00 fps, dropped buffers: 15
<<<<<<<<select timeout
restart_v4l2
<<select timeout
restart_v4l2
<<<<<<<<<<<<< 30.00 fps, dropped buffers: 21
<<<<<<<<<<<<<<<< 30.00 fps, dropped buffers: 11
<<<<<<<<<<<<< 30.00 fps, dropped buffers: 18
<<<<<<<<<<<<<<<<<<<< 30.00 fps, dropped buffers: 11
<<<<<<<<<< 30.00 fps, dropped buffers: 19
<<<<<<<<<<< 30.00 fps, dropped buffers: 20
<<<<<<<<<<<<<<< 30.00 fps, dropped buffers: 13
<<select timeout
restart_v4l2
<<<<<<<<select timeout
restart_v4l2
<<<<<<<<<<<<<<<<<< 30.00 fps, dropped buffers: 14
<<<<<<<<<<<< 30.00 fps, dropped buffers: 17
<<<<<<<<<<<<<<<<< 30.00 fps, dropped buffers: 15
<select timeout
restart_v4l2
<<<<<<<<<<< 30.00 fps, dropped buffers: 21
<<<<<<<<<<<<< 30.00 fps, dropped buffers: 18
<<<<<<<<<<<<<<< 30.00 fps, dropped buffers: 16
<<<<<<<<<< 30.00 fps, dropped buffers: 18
<<<<<<<select timeout
restart_v4l2
<<<<<<<<<<<<<<<<select timeout
restart_v4l2
<<<<<<<<<<<<<<<<<< 30.00 fps, dropped buffers: 16
<<<<<<<<<<<<<<select timeout
restart_v4l2
<<<<<<<<<<<<<< 30.00 fps, dropped buffers: 18
<<<<<<<<<<<<<< 30.00 fps, dropped buffers: 16
<<<<select timeout
restart_v4l2
<<<<<<<<<< 30.00 fps, dropped buffers: 24
<<<<<<<< 30.00 fps, dropped buffers: 19
<<<<<<<<< 30.00 fps, dropped buffers: 23
<<<<<<<<<<<< 30.00 fps, dropped buffers: 17
<<<<<<<<<<<<<<<<< 30.00 fps, dropped buffers: 14
<<<<<<<<select timeout
restart_v4l2
<<<<<<<<<<<<<<<<select timeout
restart_v4l2
<<<<<<<<<<<<<<<<<< 30.00 fps, dropped buffers: 14
<<<<<<select timeout
restart_v4l2
<<<<<<<<<<<<<<<< 30.00 fps, dropped buffers: 18
<<<<<select timeout
restart_v4l2
<<<select timeout
restart_v4l2
<<<<<<<<<<<<<<<< 30.00 fps, dropped buffers: 16
<<<<<<<<select timeout
restart_v4l2
<<<<<<<<<<<<select timeout
restart_v4l2
<<<<select timeout
restart_v4l2
<<<<<<<<<<<<< 30.00 fps, dropped buffers: 19
<<<<<<<<<<<<<<<<< 30.00 fps, dropped buffers: 13
<<select timeout
restart_v4l2
<<<<<<<<<<<< 30.00 fps, dropped buffers: 19
<<<<<<<<<< 30.00 fps, dropped buffers: 22
<<<<<<<<< 30.00 fps, dropped buffers: 21
<<<<<<<<<<< 30.00 fps, dropped buffers: 17
<<<<<<<<<<<<<<<< 30.00 fps, dropped buffers: 15
<<<<<<<<<<<<<<<<< 30.00 fps, dropped buffers: 13
<<<<<<<<<<<<<<< 30.00 fps, dropped buffers: 14
<<<<<<<<<<<<<<<<< 30.00 fps, dropped buffers: 18
<<<<<select timeout
restart_v4l2
<<<<<<<<select timeout
restart_v4l2
<<select timeout
restart_v4l2
<<<<<<<<<<<<<<<< 30.00 fps, dropped buffers: 16
<<<<<<<<<<<< 30.00 fps, dropped buffers: 18
<<<<<<<<<<<<<<<< 30.00 fps, dropped buffers: 14
<<<<<<<<<<<<< 30.00 fps, dropped buffers: 19
<<<<<<<<<<<<<< 30.00 fps, dropped buffers: 14
select timeout
restart_v4l2
<<<<<<<<<<<<< 30.00 fps, dropped buffers: 18
<<<select timeout
restart_v4l2
<select timeout
restart_v4l2
<<<<<<<<<<<<<<<<<<< 30.00 fps, dropped buffers: 13
<<<<<<<<<<<<<<<<<< 30.00 fps, dropped buffers: 13
<<<<<<<<<<< 30.00 fps, dropped buffers: 17
<<<<<<<<<<<<< 30.00 fps, dropped buffers: 21
<<<select timeout
restart_v4l2
<<<<<<<<<<<< 30.00 fps, dropped buffers: 20
<<<select timeout
restart_v4l2
<<<<<<<<<<<<<<<<< 30.00 fps, dropped buffers: 15
<<<<<<<<<<<< 30.00 fps, dropped buffers: 17
<<<<<<<<<<<<<<< 30.00 fps, dropped buffers: 16
<<<<<<<<<<<<<<< 30.00 fps, dropped buffers: 15
<<<<<<<<<<<<<<< 30.00 fps, dropped buffers: 14
<<<<<<select timeout
restart_v4l2
<<<<<<<<<<<<<<<< 30.00 fps, dropped buffers: 18
<<<<<<<<<<<< 30.00 fps, dropped buffers: 17
<<<<<<<<<<<<<< 30.00 fps, dropped buffers: 14
<<<<<<<<<< 30.00 fps, dropped buffers: 21
<<<<<<<<<<<<< 30.00 fps, dropped buffers: 17
<<<<<<<<<<<<<< 30.00 fps, dropped buffers: 15
<<<<<<<<<<<<<<< 30.00 fps, dropped buffers: 17
<<<<<<<<<<<<<<< 30.00 fps, dropped buffers: 16
<<<<<<<<<< 30.00 fps, dropped buffers: 20
<<<<<<<<<<< 30.00 fps, dropped buffers: 17
<<<<<<select timeout
restart_v4l2
<<<<<<<<<<<<<< 30.00 fps, dropped buffers: 18
<<<<<<<<<<<< 30.00 fps, dropped buffers: 17
<<<<<<<<<<<<< 30.00 fps, dropped buffers: 19
<<<<<<<<<<< 30.00 fps, dropped buffers: 17
<<<<<<<<<<<<<<< 30.00 fps, dropped buffers: 17
<<<<<<<<< 30.00 fps, dropped buffers: 22
<<<<<select timeout
restart_v4l2
<<<<<<<<<<<<<<< 30.00 fps, dropped buffers: 16
<<<<<<<<<<<<<<<< 30.00 fps, dropped buffers: 15
<<<<<<<<<<<<<<<< 30.00 fps, dropped buffers: 14
<<<<<<<<<<<< 30.00 fps, dropped buffers: 18
<<<<<<<<<<<<<select timeout
restart_v4l2
<<<<<<<<<<<<<<<<<< 30.00 fps, dropped buffers: 16
<<<<<<select timeout
restart_v4l2
<<<<<<<<<<< 30.00 fps, dropped buffers: 21
<<<<<<<<<<<<<<< 30.00 fps, dropped buffers: 17
<<<<<<<<<<<<<<< 30.00 fps, dropped buffers: 13
select timeout
restart_v4l2
<<<<<<<<<<<<<<<<select timeout
restart_v4l2
<<<<<<<<<<<<<< 30.00 fps, dropped buffers: 17
<<<<<<<<<<<<<<<<< 30.00 fps, dropped buffers: 14
<select timeout
restart_v4l2
<<<<<<<<<<<<<<<< 30.00 fps, dropped buffers: 21
<<<<<<<<<<<<<< 30.00 fps, dropped buffers: 17
<<<<<<<< 30.00 fps, dropped buffers: 18
<<<select timeout
restart_v4l2
<<<<<<<select timeout
restart_v4l2
<<<select timeout
restart_v4l2
<<<<select timeout
restart_v4l2
<<<<<<<<<< 30.00 fps, dropped buffers: 22
<<<<<<<<<<<<<<<< 30.00 fps, dropped buffers: 15
<<<<<<select timeout
restart_v4l2
<<<<<<<<<<<<<<<< 30.00 fps, dropped buffers: 15
<<<<<<<<select timeout
restart_v4l2
<<<<<<<<<<<<<<<<select timeout
restart_v4l2
<<<<<<<<<<<<<< 30.00 fps, dropped buffers: 20
<<<<<<<<<<select timeout
restart_v4l2
<<<<<<<<select timeout
restart_v4l2
<<<<<<<<<<<<<<< 30.00 fps, dropped buffers: 17
<<<<<<<<<<<< 30.00 fps, dropped buffers: 19
<<<<<<<<<<<<<<<<<< 30.00 fps, dropped buffers: 11
<<<<<<<<<<<<<< 30.00 fps, dropped buffers: 15
<<<<<<<<<<<< 30.00 fps, dropped buffers: 19
<<<<<<<<<<<<<<<<<< 30.00 fps, dropped buffers: 11
<<<<<<<select timeout
restart_v4l2
<<<<<<<<select timeout
restart_v4l2
<<<<<<<<<<<< 30.00 fps, dropped buffers: 20
<<<<<<<<<< 30.00 fps, dropped buffers: 22
<<<<<<<<<<<<< 30.00 fps, dropped buffers: 16
<<<<<<<<<<<<<< 30.00 fps, dropped buffers: 15
<<<<<<<<<<<<<<<<< 30.00 fps, dropped buffers: 13
<<<<<<<<<<<<<<< 30.00 fps, dropped buffers: 17
<<<<<<<<select timeout
restart_v4l2
<<<<<<<<< 30.00 fps, dropped buffers: 22
<<<<<<<<<<<<<<<<< 30.00 fps, dropped buffers: 16
<<<<<<<<<<<<<<< 30.00 fps, dropped buffers: 17
<<<<<<<<<<<<<< 30.00 fps, dropped buffers: 13
<<<<<<<<<<<< 30.00 fps, dropped buffers: 17
<<<<<<<<< 30.00 fps, dropped buffers: 22
<<<<<<<<<<< 30.00 fps, dropped buffers: 17
<<<<<<<<<select timeout
restart_v4l2
<<<<<<<<<<<<<< 30.00 fps, dropped buffers: 17
<<select timeout
restart_v4l2
<<<<<<select timeout
restart_v4l2
<<<<<<<<<<<<<<<<< 30.00 fps, dropped buffers: 17
<select timeout
restart_v4l2
<<<<<<<<<<<<<<< 30.00 fps, dropped buffers: 18
<<<<<<<<<<<<< 30.00 fps, dropped buffers: 18
<<<<<<<<<<<<select timeout
restart_v4l2
<<<<<<<<<<<<<<<<< 30.00 fps, dropped buffers: 14
<<<<<<<<<<<<<<<< 30.00 fps, dropped buffers: 18
<<<<<<<<<<<<<< 30.00 fps, dropped buffers: 19
<<<<<<<<<<< 30.00 fps, dropped buffers: 13
<<<<<<<<<<<<<<<<< 30.00 fps, dropped buffers: 17
<<<<<<<<<<<<< 30.00 fps, dropped buffers: 14
<<<<<<<<<<<<<<< 30.00 fps, dropped buffers: 14
<<<<<<<<<<< 30.00 fps, dropped buffers: 19
<<<<< 30.00 fps, dropped buffers: 28
<<<<<<<<<<<< 30.00 fps, dropped buffers: 18
<<<<<<<<<<<<< 30.00 fps, dropped buffers: 16
<<<<<<<<<< 30.00 fps, dropped buffers: 21
<<<<<<<<<<<<<<<<< 30.00 fps, dropped buffers: 11
<<<<<select timeout
restart_v4l2
<<<<<<<<<<<<<<< 30.00 fps, dropped buffers: 21
select timeout
restart_v4l2
<<<<<<<<<<<<<< 30.00 fps, dropped buffers: 17
<<<<<<<<<<select timeout
restart_v4l2
<<<<<<<<<<< 30.00 fps, dropped buffers: 23
<<<<<<<<<< 30.00 fps, dropped buffers: 18
<<<<<<<<<<<select timeout
restart_v4l2
<<<<<<<<<<<<<<<<<< 30.00 fps, dropped buffers: 14
<<<<<<<<<<<<<<< 30.00 fps, dropped buffers: 15
select timeout
restart_v4l2
<<<<<<<<<<<< 30.00 fps, dropped buffers: 20
<<<<<<<<<<<< 30.00 fps, dropped buffers: 17
select timeout
restart_v4l2
<<<<<<<<<< 30.00 fps, dropped buffers: 22
<<<<<<<<<<<<<<<<<< 30.00 fps, dropped buffers: 15
<<<<select timeout
restart_v4l2
<<<<<<<<<<<<<<<<< 30.00 fps, dropped buffers: 16
<<<<<<<<<<<<< 30.00 fps, dropped buffers: 16
<<<<<<<<<<<<< 30.00 fps, dropped buffers: 23
<<<<<<<<<<< 30.00 fps, dropped buffers: 17
<<<<<<<<<<<<<< 30.00 fps, dropped buffers: 16
select timeout
restart_v4l2
<<<<<<<<<<<<select timeout
restart_v4l2
<<<<<<<<<<<<<<<<<<<<< 30.00 fps, dropped buffers: 11
<<<<<<<<<< 30.00 fps, dropped buffers: 21
<<<<<<<<<<< 30.00 fps, dropped buffers: 18
<<<<<<<<<<<<<<select timeout
restart_v4l2
<<<<<<<<select timeout
restart_v4l2
<<<<<<<<<<<<<<<<<< 30.00 fps, dropped buffers: 16
<<<<<<<<<<< 30.00 fps, dropped buffers: 18
<<<select timeout
restart_v4l2
<<<<<<<<<<<<<<<<<<<< 30.00 fps, dropped buffers: 12
<<<<<<<<<< 30.00 fps, dropped buffers: 20
<<<<<<<<<<select timeout
restart_v4l2
<<<<<<<<<<<<<<<select timeout
restart_v4l2
<<<<<<<<<<<< 30.00 fps, dropped buffers: 21
<<<<<<<<<<< 30.00 fps, dropped buffers: 20
<<<<<<<<<< 30.00 fps, dropped buffers: 17
<<<<<<<<<<<<<< 30.00 fps, dropped buffers: 21
<<<<<<<<<<<<<< 30.00 fps, dropped buffers: 12
<<<<<<<<<<<<< 30.00 fps, dropped buffers: 17
<<<<<<<<<<<<<<<<<< 30.00 fps, dropped buffers: 20
<<<<<<<<< 30.00 fps, dropped buffers: 13
<<<select timeout
restart_v4l2
<<<<<<<<<<<< 30.00 fps, dropped buffers: 21
<<<<<<<<<<<<<<< 30.00 fps, dropped buffers: 17
<<<<<select timeout
restart_v4l2
<<<<<<<<<<<<<<<<select timeout
restart_v4l2
<<<<<<<<<<<<<<<<<<< 30.00 fps, dropped buffers: 13
<<<<<<<<<<<<< 30.00 fps, dropped buffers: 18
<<<<<<<<<<<<< 30.00 fps, dropped buffers: 15
<<<<<<<<<<<<<< 30.00 fps, dropped buffers: 17
<<<<<<<<<< 30.00 fps, dropped buffers: 21
<<<<<<<<<<<<<<< 30.00 fps, dropped buffers: 14
<<<<<<<<<<<< 30.00 fps, dropped buffers: 19
<<<<<<<<<<< 30.00 fps, dropped buffers: 17
<<<<<<select timeout
restart_v4l2
<<<<<<<<<<<<<<<<< 30.00 fps, dropped buffers: 14
<<<<<<<<<<<<<< 30.00 fps, dropped buffers: 18
<<<<<<<<<<<<<<<<<< 30.00 fps, dropped buffers: 12
<<<<<<<<<<<<<< 30.00 fps, dropped buffers: 14
<<<<<<<<<<select timeout
restart_v4l2
<<<<<<<<<<<<<<<<<< 30.00 fps, dropped buffers: 14
<<<<<<<<<<<<<<<<< 30.00 fps, dropped buffers: 12
<<<<<<<<<<<<<<<< 30.00 fps, dropped buffers: 15
<<<<<<<<<<<<<<<< 30.00 fps, dropped buffers: 13
<<<<<<<<<<< 30.00 fps, dropped buffers: 24
<<<<<<<<<<<<<<< 30.00 fps, dropped buffers: 11
<<<<<<<<<<<<< 30.00 fps, dropped buffers: 16
<<<<<<<<<<<<< 30.00 fps, dropped buffers: 19
<<<<<<<<<<< 30.00 fps, dropped buffers: 18
<<<<<select timeout
restart_v4l2
<<select timeout
restart_v4l2
<<select timeout
restart_v4l2
<<<<<<<<<<<<<<<<<<<< 30.00 fps, dropped buffers: 17
<<<<<<<<<< 30.00 fps, dropped buffers: 15
<<<<<<< 30.00 fps, dropped buffers: 23
<<<<<<<select timeout
restart_v4l2
<<<<<<<<<<<< 30.00 fps, dropped buffers: 20
<<<<<<<<<<<<< 30.00 fps, dropped buffers: 16
<<<<<<<select timeout
restart_v4l2
<<<<<<<<<<<<< 30.00 fps, dropped buffers: 19
<<<select timeout
restart_v4l2
<<<<<<<<<<<<< 30.00 fps, dropped buffers: 18
<<<<<<<<<<<select timeout
restart_v4l2
<<<<<<<<<<<<<<< 30.00 fps, dropped buffers: 18
<select timeout
restart_v4l2
<<<<<<<<<<<<<<< 30.00 fps, dropped buffers: 17
<<<<<<<<<<<<<<<<<< 30.00 fps, dropped buffers: 11
<<<<<<<<<<<<<<<< 30.00 fps, dropped buffers: 15
<<<<<<<<< 30.00 fps, dropped buffers: 20
<<<<<<select timeout
restart_v4l2
<<<<<<<<<<<<<<<< 30.00 fps, dropped buffers: 16
<<<select timeout
restart_v4l2
<<<select timeout
restart_v4l2
<<<<<<<<<<<<<<< 30.00 fps, dropped buffers: 19
<<<<<<<<<<<select timeout
restart_v4l2
<<<<<<<<<<<<<<<<< 30.00 fps, dropped buffers: 14
<<<<<<<<<<<<<< 30.00 fps, dropped buffers: 17
<select timeout
restart_v4l2
<<<<<<<<<<<<<< 30.00 fps, dropped buffers: 18
<<<select timeout
restart_v4l2
<<<<<<<<<<<<<<<<< 30.00 fps, dropped buffers: 15
<<<<<<<<<< 30.00 fps, dropped buffers: 21
<<<<<<<<<<<<<<<<<<<< 30.00 fps, dropped buffers: 9
<<<<<<<<<<< 30.00 fps, dropped buffers: 20
<<<<<select timeout
restart_v4l2
<<<<<<<<<<<<<< 30.00 fps, dropped buffers: 18
<<select timeout
restart_v4l2
<<<<<<<<<<<<<< 30.00 fps, dropped buffers: 17
<<<<<<<<<<<<<<<< 30.00 fps, dropped buffers: 14
<<<<<<<<<<<<<<<<< 30.00 fps, dropped buffers: 18
<<<<<<<<<<<<<< 30.00 fps, dropped buffers: 12
<<<<<<<<<<<<<<< 30.00 fps, dropped buffers: 16
<<<<<<<<<<<<select timeout
restart_v4l2
<<<<<<<<<<<<<<<< 30.00 fps, dropped buffers: 16
<<<<<<<<<<<<< 30.00 fps, dropped buffers: 16
<<<<<<<<<<<< 30.00 fps, dropped buffers: 18
<<<<<<<<<<<< 30.00 fps, dropped buffers: 19
<<<<<<<<<< 30.00 fps, dropped buffers: 21
<select timeout
restart_v4l2
<<<<<<<<<<<<<<< 30.00 fps, dropped buffers: 17
<<<<<<<<<< 30.00 fps, dropped buffers: 22
<<<<<<<<<<<< 30.00 fps, dropped buffers: 16
select timeout
restart_v4l2
<<<<<<<<<<<<< 30.00 fps, dropped buffers: 18
<<<<<<<<<<<<<< 30.00 fps, dropped buffers: 16
<<<<<<<<<<<< 30.00 fps, dropped buffers: 18
<<<<<<<<<<<<<<<< 30.00 fps, dropped buffers: 17
<<<<<<<<<<<<select timeout
restart_v4l2
<<<<<<<<<<< 30.00 fps, dropped buffers: 24
<<<<<<<<<<<<<<<<<< 30.00 fps, dropped buffers: 10
<<<select timeout
restart_v4l2
<<<<<<<<<<select timeout
restart_v4l2
<<<<<<<<<<<<<<select timeout
restart_v4l2
<<<<<<<<<<<<<<< 30.00 fps, dropped buffers: 17
<<<<<<<<<<<<<< 30.00 fps, dropped buffers: 16
<<<select timeout
restart_v4l2
<<<select timeout
restart_v4l2
<<<<<<<<<<<<<<< 30.00 fps, dropped buffers: 17
<<<<<select timeout
restart_v4l2
<<<<<<<<<<<<<< 30.00 fps, dropped buffers: 17
<<<<<<<<<<select timeout
restart_v4l2
select timeout
restart_v4l2
<<<<<<<<<<<<<<<< 30.00 fps, dropped buffers: 17
<<<<<<<<<<<<< 30.00 fps, dropped buffers: 15
<<<<<<<<<<<<< 30.00 fps, dropped buffers: 20
<<<<<<<< 30.00 fps, dropped buffers: 20
<<<<<<select timeout
restart_v4l2
<<<<<<<<<<<< 30.00 fps, dropped buffers: 22
<<<<select timeout
restart_v4l2
<<<<<<<<<<<<<<<< 30.00 fps, dropped buffers: 17
select timeout
restart_v4l2
<<<<<<<<<<<<<<<< 30.00 fps, dropped buffers: 18
<<<<<<<<<< 30.00 fps, dropped buffers: 18
<<<<<<<<<<< 30.00 fps, dropped buffers: 18
<<<<<<<<<<<<<<<<<< 30.00 fps, dropped buffers: 12
<<<<<<<<<select timeout
restart_v4l2
<<<<<<<<<< 30.00 fps, dropped buffers: 21
<<<<<<<<<< 30.00 fps, dropped buffers: 21
<<<<<<<<<<<<<<<< 30.00 fps, dropped buffers: 15
<<<<<<<<<<< 30.00 fps, dropped buffers: 18
<<<<<<<<<<<<< 30.00 fps, dropped buffers: 17
<<<<<<<<<< 30.00 fps, dropped buffers: 19
<<<<<<select timeout
restart_v4l2
<<select timeout
restart_v4l2
<<<<<<<<<<<<<< 30.00 fps, dropped buffers: 18
<<<<<<<<<<<<<select timeout
restart_v4l2
<<<<<<<<select timeout
restart_v4l2
<<<select timeout
restart_v4l2
<<<<<<<<< 30.00 fps, dropped buffers: 23
<<<<<<<<<<<<< 30.00 fps, dropped buffers: 16
<<<<<<select timeout
restart_v4l2
<<<<<<<<<<<<<<<<< 30.00 fps, dropped buffers: 15
<<<<<<<<<<<<< 30.00 fps, dropped buffers: 17
<<<<<<<<<<<<<<<<<< 30.00 fps, dropped buffers: 11
<<<<<<<<<<< 30.00 fps, dropped buffers: 20
<<<<<<<<<<< 30.00 fps, dropped buffers: 19
<<<select timeout
restart_v4l2
<select timeout
restart_v4l2
<<<<<<<<<<<<<<<select timeout
restart_v4l2
<<<<<<<<<<<<<<<< 30.00 fps, dropped buffers: 16
<<<<<<<<<<<<<<<< 30.00 fps, dropped buffers: 15
<<<<<<<<<<<<<<<< 30.00 fps, dropped buffers: 14
<<<<<<<<<<<< 30.00 fps, dropped buffers: 20
<<<<<<<<<<< 30.00 fps, dropped buffers: 16
<<<<<<<<<< 30.00 fps, dropped buffers: 24
<<<<<<<select timeout
restart_v4l2
<<<<<<<<<<<<<<< 30.00 fps, dropped buffers: 16
<<<<<<<<<<<<<<<<<<<<< 30.00 fps, dropped buffers: 9
<<<<<<<<<<<<<<<< 30.00 fps, dropped buffers: 17
<<<<<<<<<<<<select timeout
restart_v4l2
<<<<<<<select timeout
restart_v4l2
<<<<<<<<<select timeout
restart_v4l2
<select timeout
restart_v4l2
<<<<<<<<<<<< 30.00 fps, dropped buffers: 25
<<<<<<<<<<<<< 30.00 fps, dropped buffers: 12
<<<<<<<<<<<< 30.00 fps, dropped buffers: 18
<<<<<<<<<<<<<<<<< 30.00 fps, dropped buffers: 16
<<<<<<<<<<<< 30.00 fps, dropped buffers: 16
<<<<<<<<<<<<<select timeout
restart_v4l2
<<<<<<<<select timeout
restart_v4l2
<<<<<<<<<<<<<<<< 30.00 fps, dropped buffers: 22
<<<<<<<<select timeout
restart_v4l2
<<<<<<<<<<<<<<<< 30.00 fps, dropped buffers: 16
<<<<<<<<select timeout
restart_v4l2
<<<<<<<<<<<<<<<<<< 30.00 fps, dropped buffers: 15
<<<<<<<<<<<<< 30.00 fps, dropped buffers: 16
<select timeout
restart_v4l2
<<<<<<<<select timeout
restart_v4l2
<<<<<<<<<<<<<<<<select timeout
restart_v4l2
<<<<<<<<<<<<<<< 30.00 fps, dropped buffers: 18
select timeout
restart_v4l2
<<<<<<<<<<<<<<<<< 30.00 fps, dropped buffers: 18
<<<<<<<<<<<<< 30.00 fps, dropped buffers: 14
<<<<<<<<<<< 30.00 fps, dropped buffers: 19
<<<<<<<select timeout
restart_v4l2
<<<<<<<<select timeout
restart_v4l2
<<<<<<<<select timeout
restart_v4l2
<<<<<<<<<< 30.00 fps, dropped buffers: 25
<<<<<<<<<<<<<< 30.00 fps, dropped buffers: 14
select timeout
restart_v4l2
<<<<<<<<<<<<<<< 30.00 fps, dropped buffers: 19
<<<<<<<<<select timeout
restart_v4l2
<<select timeout
restart_v4l2
<<<<<<<select timeout
restart_v4l2
<<<<<<<<<select timeout
restart_v4l2
<<<<<<<<<<<<select timeout
restart_v4l2
<<<select timeout
restart_v4l2
<<<<<<<<select timeout
restart_v4l2
<<<<<<<<<<<<<< 30.00 fps, dropped buffers: 17
<<<<<<<<<<<<<select timeout
restart_v4l2
<<<<<<<<<<<<select timeout
restart_v4l2
<<<<<<<<<<<<<<<< 30.00 fps, dropped buffers: 17
<<<<<<<<select timeout
restart_v4l2
<<<<<<<<<<<<<< 30.00 fps, dropped buffers: 21
<<<<<<<<< 30.00 fps, dropped buffers: 18
<<select timeout
restart_v4l2
select timeout
restart_v4l2
<<<<<<<<<<< 30.00 fps, dropped buffers: 22
<<<<<<<<<<<<<< 30.00 fps, dropped buffers: 15
<<<<<<<<<<<<<<< 30.00 fps, dropped buffers: 17
<<<<<<<<select timeout
restart_v4l2
<<<<<<<<<<<<<< 30.00 fps, dropped buffers: 21
<<<<<<<<<<<<<< 30.00 fps, dropped buffers: 13
<<<<select timeout
restart_v4l2
<<<<<<<<<<<<<<<<<<<<< 30.00 fps, dropped buffers: 11
<<<select timeout
restart_v4l2
<<<<<<<<<<<<<<< 30.00 fps, dropped buffers: 17
<select timeout
restart_v4l2
<<<<<<<<<<<<<< 30.00 fps, dropped buffers: 18
select timeout
restart_v4l2
<<<<<<<<<<<<<<< 30.00 fps, dropped buffers: 17
<<<<<<<<<<< 30.00 fps, dropped buffers: 20
<<<<<<<<<<<<<<< 30.00 fps, dropped buffers: 14
<<<<<<<<<<<< 30.00 fps, dropped buffers: 20
<<<<<<<<<< 30.00 fps, dropped buffers: 19
<<<<<<<select timeout
restart_v4l2
<<<<<<<<<<<<select timeout
restart_v4l2
<<<<<<<<select timeout
restart_v4l2
<<<<<<<<<< 30.00 fps, dropped buffers: 27
<<<<<<<<< 30.00 fps, dropped buffers: 18
<<<<<<<<<<< 30.00 fps, dropped buffers: 18
<<<<<<<<<<< 30.00 fps, dropped buffers: 17
<<<<<<<<<<<<< 30.00 fps, dropped buffers: 18
<<select timeout
restart_v4l2
<<<<<<<<<<<<<<<< 30.00 fps, dropped buffers: 16
<<<<<<<<<<<<< 30.00 fps, dropped buffers: 16
<<<select timeout
restart_v4l2
<<<<<<<<<<<<<<<<select timeout
restart_v4l2
<<<<<<<<< 30.00 fps, dropped buffers: 23
<<<<<<<<select timeout
restart_v4l2
<<<<<<<select timeout
restart_v4l2
<<<<<<<<select timeout
restart_v4l2
<<<<<<<<<<<<<<<<select timeout
restart_v4l2
<<<<<<<<<<<<<<<< 30.00 fps, dropped buffers: 15
<<<<<<<<<<<<<<<<<< 30.00 fps, dropped buffers: 13
<<<<<<<<<<<<<< 30.00 fps, dropped buffers: 16
<<<<<<<<<<< 30.00 fps, dropped buffers: 18
<<<<<select timeout
restart_v4l2
<<<<<<<<<<<< 30.00 fps, dropped buffers: 20
<<<<<<<<<<<<<<< 30.00 fps, dropped buffers: 14
<<<<<select timeout
restart_v4l2
<<<<<<<<<<<<<<<<<< 30.00 fps, dropped buffers: 14
<<<<<<<<<<<<<< 30.00 fps, dropped buffers: 18
<<<<<<<<< 30.00 fps, dropped buffers: 19
<<<<<<<select timeout
restart_v4l2
<<<<<<<<<<<<<<<<<<< 30.00 fps, dropped buffers: 12
<<<<<<<<<<<<<<< 30.00 fps, dropped buffers: 15
<<<<<<select timeout
restart_v4l2
<<<<<<<<<<< 30.00 fps, dropped buffers: 20
<<<<<<<<<<<<<select timeout
restart_v4l2
<<<<<<<<select timeout
restart_v4l2
<<<<<<<<<<<< 30.00 fps, dropped buffers: 20
<<<<<<<<<<<<select timeout
restart_v4l2
<<<<<<<<<<<<<< 30.00 fps, dropped buffers: 17
<<<<<<<<<<<<< 30.00 fps, dropped buffers: 21
<<<<<<<<<< 30.00 fps, dropped buffers: 16
<<<<<<<<<<<<< 30.00 fps, dropped buffers: 18
<<<<<<<<<< 30.00 fps, dropped buffers: 19
<<<<<<<<<<<<< 30.00 fps, dropped buffers: 18
<<<<<<<<<<<< 30.00 fps, dropped buffers: 18
<<<<<<<<<<<< 30.00 fps, dropped buffers: 18
<<<<<<<<<<<< 30.00 fps, dropped buffers: 18
<<<select timeout
restart_v4l2
<<<<<<<<<<<<<<<<<<< 30.00 fps, dropped buffers: 14
<<<<<<<<<<<<<<< 30.00 fps, dropped buffers: 15
<<<<<<<<<< 30.00 fps, dropped buffers: 18
<<<<<<<<<<select timeout
restart_v4l2
<<<<<<<<<<<<<<<< 30.00 fps, dropped buffers: 15
<<<<select timeout
restart_v4l2
<<<<<<<<<<<<<<< 30.00 fps, dropped buffers: 17
<<<<<<<<<<<<<<< 30.00 fps, dropped buffers: 15
<<<<<<<<<<<<<<<< 30.00 fps, dropped buffers: 14
<<<<<<<<<<<<<< 30.00 fps, dropped buffers: 17
<<<<<<<<<<<<<< 30.00 fps, dropped buffers: 15
<<<<<<<<<<<<<<< 30.00 fps, dropped buffers: 15
<<<<<<<<<<<<< 30.00 fps, dropped buffers: 19
<<<<<<<<<<<<< 30.00 fps, dropped buffers: 15
<<<select timeout
restart_v4l2
<<<<<<<<<<<<<<<<<<<< 30.00 fps, dropped buffers: 12
<<<<<<<<<<<<< 30.00 fps, dropped buffers: 16
<<<<<<<<<<<<<< 30.00 fps, dropped buffers: 17
<select timeout
restart_v4l2
<<<<<<<<<<<<< 30.00 fps, dropped buffers: 19
<<<<<<<<<<<<< 30.00 fps, dropped buffers: 16
<<<<<<select timeout
restart_v4l2
<<<<<<<<select timeout
restart_v4l2
select timeout
restart_v4l2
<<<<<<<<<<<<<<< 30.00 fps, dropped buffers: 17
<<<<<<<<<select timeout
restart_v4l2
<<<<<<<<<<<<<<<<<<< 30.00 fps, dropped buffers: 13
<<<<<<< 30.00 fps, dropped buffers: 24
<<<<<<<<<<<<<< 30.00 fps, dropped buffers: 18
<<<<<<<<<<<<<< 30.00 fps, dropped buffers: 13
<<<<<<<<<<<< 30.00 fps, dropped buffers: 18
<<<<<<<<<<<< 30.00 fps, dropped buffers: 18
<<select timeout
restart_v4l2
<<<<<<<<<<<<<<<<<<<<< 30.00 fps, dropped buffers: 12
<<<select timeout
restart_v4l2
<<<<<<<<<<<< 30.00 fps, dropped buffers: 23
<<<<<<<<< 30.00 fps, dropped buffers: 18
<<<<<<<<< 30.00 fps, dropped buffers: 21
<<<<<<<<< 30.00 fps, dropped buffers: 23
<<<<<<<<<select timeout
restart_v4l2
<<<<<<<<<<<< 30.00 fps, dropped buffers: 25
<<<<select timeout
restart_v4l2
<<<<<<<<<<<<<< 30.00 fps, dropped buffers: 18
<<select timeout
restart_v4l2
<<<<<select timeout
restart_v4l2
<<<<<<<<<<<<<< 30.00 fps, dropped buffers: 20
<<<<<<<<<< 30.00 fps, dropped buffers: 19
<<<<<<<<<<<< 30.00 fps, dropped buffers: 16
<<<<<<<<<<< 30.00 fps, dropped buffers: 19
<<<<<<<select timeout
restart_v4l2
<<<<<<<<<<<<<<<<< 30.00 fps, dropped buffers: 14
<<<select timeout
restart_v4l2
<<<<<<<<<<select timeout
restart_v4l2
<<<<<<<<<<<< 30.00 fps, dropped buffers: 22
<<<select timeout
restart_v4l2
<<<<<<<<<<<<<<<< 30.00 fps, dropped buffers: 16
<<<<<<<<<<<<<<<<<<< 30.00 fps, dropped buffers: 11
<<<<<<<<<<<<< 30.00 fps, dropped buffers: 17
<<<<<<<<<<< 30.00 fps, dropped buffers: 18
<<<<<<<<<<< 30.00 fps, dropped buffers: 21
<<<select timeout
restart_v4l2
select timeout
restart_v4l2
<<<<<<<<<<<< 30.00 fps, dropped buffers: 19
<<<<<<<<<<< 30.00 fps, dropped buffers: 19
select timeout
restart_v4l2
<<<<<<<<<<<<<<<< 30.00 fps, dropped buffers: 18
<<<<<<<<<<< 30.00 fps, dropped buffers: 17
<<<<<<<<<<<<<<<select timeout
restart_v4l2
<<<<<<<<<<<<<<< 30.00 fps, dropped buffers: 17
<<<<<<<<<<<< 30.00 fps, dropped buffers: 17
<<<select timeout
restart_v4l2
<<<<<<<<<<<<<< 30.00 fps, dropped buffers: 21
<<<<<<<<< 30.00 fps, dropped buffers: 20
<<<<<<<<<<<<<<<< 30.00 fps, dropped buffers: 12
<<<<<<<<<select timeout
restart_v4l2
<<<<<<<<<<<<<<<<< 30.00 fps, dropped buffers: 16
<<<<<<<<<<<<<< 30.00 fps, dropped buffers: 22
<select timeout
restart_v4l2
select timeout
restart_v4l2
<<<<<<<<<<<<<<<<<<< 30.00 fps, dropped buffers: 16
<<<<<<<<<< 30.00 fps, dropped buffers: 17
<<<<<<<< 30.00 fps, dropped buffers: 22
<<<select timeout
restart_v4l2
<<<<<<<<<<<<<<< 30.00 fps, dropped buffers: 16
<<<<<<<<<<<<<< 30.00 fps, dropped buffers: 16
<<<<<<<<<<<<<<< 30.00 fps, dropped buffers: 16
<<<<<<<<<<<<<<<< 30.00 fps, dropped buffers: 15
<<<<<<<<<<<<< 30.00 fps, dropped buffers: 17
<<<<<<<<<<<<<< 30.00 fps, dropped buffers: 17
<<<<<<<<<<<<<<< 30.00 fps, dropped buffers: 12
<<<<<select timeout
restart_v4l2
<<<<<<<<<<<<< 30.00 fps, dropped buffers: 19
<<<<<<select timeout
restart_v4l2
<<<<<<<<select timeout
restart_v4l2
<<select timeout
restart_v4l2
<<<<<<<<<<<<<<<< 30.00 fps, dropped buffers: 15
<<<<<<<<<<<<select timeout
restart_v4l2
<<<<<<<<<<<<<<<< 30.00 fps, dropped buffers: 16
<<<<<<<<<<select timeout
restart_v4l2
<<<<<<<<<<<<<<<<<<<< 30.00 fps, dropped buffers: 11
<<<<<<<<<< 30.00 fps, dropped buffers: 21
<<<<<<<<<<<<select timeout
restart_v4l2
<<<<<<<<<<<<<<<<<<< 30.00 fps, dropped buffers: 16
<<<<<<<< 30.00 fps, dropped buffers: 22
<<<<<select timeout
restart_v4l2
<<<<<<<<<<<<< 30.00 fps, dropped buffers: 19
<<<select timeout
restart_v4l2
<<<<<<<<<<<<<< 30.00 fps, dropped buffers: 20
<<<<<<<<<<< 30.00 fps, dropped buffers: 29
<<<<<<< 30.00 fps, dropped buffers: 14
<<<<<<<<<<<<< 30.00 fps, dropped buffers: 13
<<<<<<<<<<<<<<<< 30.00 fps, dropped buffers: 15
<<<select timeout
restart_v4l2
<<<<<<<<<<<<< 30.00 fps, dropped buffers: 20
<<<<<<<<<<<<< 30.00 fps, dropped buffers: 15
<<<<<<<<<<<< 30.00 fps, dropped buffers: 19
<<<<<<<<<<<<<<<<< 30.00 fps, dropped buffers: 12
<<<<<<<<<select timeout
restart_v4l2
<<<<<<<<<<<<<<<<select timeout
restart_v4l2
<<<<<<<<<<<<<<<< 30.00 fps, dropped buffers: 15
<<<<<<<<select timeout
restart_v4l2
<<<<<<<<select timeout
restart_v4l2
<<<<<<<<<<<<<<< 30.00 fps, dropped buffers: 16
<<<<<<<<<<select timeout
restart_v4l2
<<select timeout
restart_v4l2
<<<<<<<<<<<<<<<<<select timeout
restart_v4l2
<<<<<<<<<<<<<< 30.00 fps, dropped buffers: 18
<<<<<<<<< 30.00 fps, dropped buffers: 22
<<<select timeout
restart_v4l2
<<<<<<<<<<<<< 30.00 fps, dropped buffers: 19
<<<<<<<<< 30.00 fps, dropped buffers: 22
<<<<<<<<<<<<<<< 30.00 fps, dropped buffers: 13
<<<<<<<<<<<<<select timeout
restart_v4l2
<<<<<<<<<<<<<< 30.00 fps, dropped buffers: 19
<<<<<<<<< 30.00 fps, dropped buffers: 20
<<<<<<<<<< 30.00 fps, dropped buffers: 19
<<<<<<<<<<<<< 30.00 fps, dropped buffers: 18
<<<<<<<<<<<<<<<<< 30.00 fps, dropped buffers: 14
<<<<<<<<<<<<<<< 30.00 fps, dropped buffers: 17
<<select timeout
restart_v4l2
<<<<<<<<<<<<<<<<<<<<< 30.00 fps, dropped buffers: 11
<<<<<<<<<<<<< 30.00 fps, dropped buffers: 18
<<<<<<<<< 30.00 fps, dropped buffers: 22
<<<< 30.00 fps, dropped buffers: 25
<<<<<<<<<<<<<<<<<select timeout
restart_v4l2
<<<<<<<<select timeout
restart_v4l2
<<<<<<<<<<<<<<<< 30.00 fps, dropped buffers: 16
<<<<<<<<<<<<<<<<<< 30.00 fps, dropped buffers: 12
<<<<<<select timeout
restart_v4l2
<<<<<<<<<< 30.00 fps, dropped buffers: 23
<<<<<<<<<<<< 30.00 fps, dropped buffers: 17
<<<<<<<<< 30.00 fps, dropped buffers: 22
<<<<<<<<<<<< 30.00 fps, dropped buffers: 17
<<<<<<<<< 30.00 fps, dropped buffers: 22
<<<<<<<<<<<<<<<<<<<< 30.00 fps, dropped buffers: 13
<<<<<<<<<<<<< 30.00 fps, dropped buffers: 13
<<<<<<<<<<<select timeout
restart_v4l2
<<<<<<<<<<<<<<<<<<< 30.00 fps, dropped buffers: 15
<<<<<<<<<<<<select timeout
restart_v4l2
<<<<<<<<<<<<< 30.00 fps, dropped buffers: 19
<<<<<<<<<<< 30.00 fps, dropped buffers: 19
<<<<<<<<<<<<<<<<select timeout
restart_v4l2
<<<<<<<<select timeout
restart_v4l2
<<<<<<<<select timeout
restart_v4l2
<<<<<<<<<select timeout
restart_v4l2
<<<<<<<<<<<<<<< 30.00 fps, dropped buffers: 17
<<<<<<<<<<<<<<< 30.00 fps, dropped buffers: 14
<<<<<<<<<<<<<< 30.00 fps, dropped buffers: 19
<<<<<<<<<<<<< 30.00 fps, dropped buffers: 14
<<<<<<<<< 30.00 fps, dropped buffers: 23
<<<<<select timeout
restart_v4l2
<<<<<<<<<<< 30.00 fps, dropped buffers: 22
<<<<<<<<<<<<<<< 30.00 fps, dropped buffers: 16
<<<<<<< 30.00 fps, dropped buffers: 21
select timeout
restart_v4l2
<<<<<<<<<select timeout
restart_v4l2
<<select timeout
restart_v4l2
<<<<<<<<<<<<<<< 30.00 fps, dropped buffers: 18
<<<<<select timeout
restart_v4l2
<<select timeout
restart_v4l2
<<<<<<<<<<<<< 30.00 fps, dropped buffers: 22
<<<<<<<<<<<<<<< 30.00 fps, dropped buffers: 12
<<<<<<<<<<<<<<< 30.00 fps, dropped buffers: 15
<<<<<<<<< 30.00 fps, dropped buffers: 20
<<<select timeout
restart_v4l2
<<<<<<<<<<<<<<<<<<<<<< 30.00 fps, dropped buffers: 11
<<<<<<<<<<<<< 30.00 fps, dropped buffers: 16
<<<<<select timeout
restart_v4l2
<<<<<<<<<<<<<<<<<<<<< 30.00 fps, dropped buffers: 12
<<<<<<<<<<<<<<<< 30.00 fps, dropped buffers: 14
<<<<<<<<<<<< 30.00 fps, dropped buffers: 17
<<<<<<<<<<<<< 30.00 fps, dropped buffers: 17
<<<<<<<<<<select timeout
restart_v4l2
<<<<<<<<<<<<< 30.00 fps, dropped buffers: 29
<<<<<<<<<< 30.00 fps, dropped buffers: 10
<<<<<<<<<select timeout
restart_v4l2
<<<<<<<<<select timeout
restart_v4l2
<<<select timeout
restart_v4l2
<<<<<<<<<<<<<< 30.00 fps, dropped buffers: 23
<<<<<<<<<<<<< 30.00 fps, dropped buffers: 13
<<<<<<<<<select timeout
restart_v4l2
<<<<<<<<<<<<<<<<< 30.00 fps, dropped buffers: 14
<<<<<<<<<< 30.00 fps, dropped buffers: 20
<<<<<<<<<<<< 30.00 fps, dropped buffers: 21
<<<<<<<<< 30.00 fps, dropped buffers: 18
<<<<<<<<<<<<<<< 30.00 fps, dropped buffers: 18
<<<select timeout
restart_v4l2
<<<<<<<<<<<<<select timeout
restart_v4l2
<<<<<<<<select timeout
restart_v4l2
<<<<<<<<select timeout
restart_v4l2
<<<<<<<<<<<<<< 30.00 fps, dropped buffers: 18
<<<<<<<<<<<<<<<< 30.00 fps, dropped buffers: 13
<<<<<select timeout
restart_v4l2
<<<<<<<<<<<<<<< 30.00 fps, dropped buffers: 20
<<<<<<<<< 30.00 fps, dropped buffers: 17
<<<<<<<<<<<<<<< 30.00 fps, dropped buffers: 16
<<<<<<<<<<<<< 30.00 fps, dropped buffers: 18
<<<<<<<<<<< 30.00 fps, dropped buffers: 22
<<<<<<<select timeout
restart_v4l2
<<<<<<<select timeout
restart_v4l2
<<<<<<<<select timeout
restart_v4l2
<<<<<<<<<<<< 30.00 fps, dropped buffers: 19
<<<<<<<<<<<< 30.00 fps, dropped buffers: 18
<<<<<<<<<<<<<<< 30.00 fps, dropped buffers: 15
<select timeout
restart_v4l2
<<<<<<<<select timeout
restart_v4l2
<<<<<<<<<<<< 30.00 fps, dropped buffers: 21
<<<<select timeout
restart_v4l2
<<<<<<<< 30.00 fps, dropped buffers: 23
<<<<<<<<<<<<< 30.00 fps, dropped buffers: 19
<<<<<<<<<<<<<< 30.00 fps, dropped buffers: 15
<<<<<<<<<<<<<< 30.00 fps, dropped buffers: 15
select timeout
restart_v4l2
<<<<<<<<<<<select timeout
restart_v4l2
<<<<<<<<<<<<<<<<< 30.00 fps, dropped buffers: 16
<<<<<<<<select timeout
restart_v4l2
<<<<select timeout
restart_v4l2
<<<<<<<<<<<<<<<<<select timeout
restart_v4l2
<<<select timeout
restart_v4l2
<<<<<<<<<<<<select timeout
restart_v4l2
<<<<<<<<<<<<< 30.00 fps, dropped buffers: 18
<<<<<<<<< 30.00 fps, dropped buffers: 22
<<<<<<<<<<<select timeout
restart_v4l2
<<<<<<<<<<<<<< 30.00 fps, dropped buffers: 18
<select timeout
restart_v4l2
<<<<<<<< 30.00 fps, dropped buffers: 23
<<<<<<<<select timeout
restart_v4l2
<<<<<<<<<<<<<<<<select timeout
restart_v4l2
<<<<<<<<<<<<<<<< 30.00 fps, dropped buffers: 15
<<<<<<<< 30.00 fps, dropped buffers: 26
<<<                                                                                                                                                             <<<<<<<<<<<<<<<<<<<<<<<<< 30.00 fps, dropped buffers: 6
<<<<<<<<<<<<<<<<<<<<<<<<<<<<< 30.00 fps, dropped buffers: 2
<<<<<<<<<<<<<<<<<<<<<<<<<< 30.00 fps, dropped buffers: 4
<<<<<<<<<<<<<<<<<<<<<<<<<<<< 30.00 fps, dropped buffers: 2
<<<<<<<<<<<<<<<<<<<<<<<<<<<<< 30.00 fps, dropped buffers: 2
<<<<<<<<<<<<<<<<<<<<<<<<<< 30.00 fps, dropped buffers: 3
<<<<<<<<<<<<<<<<<<<<<<<<<<<< 30.00 fps, dropped buffers: 2
<<<<<<<<<<<<<<<<<<<<<<<<<<<<< 30.00 fps, dropped buffers: 1
<<<<<<<<<<<<<<<<<<<<<<<<<<<< 30.00 fps, dropped buffers: 2
<<<<<<<<<<<<<<<<<<<<<<<<<<<<<< 30.00 fps
<<<<<<<<<<<<<<<<<<<<<<<<<<<< 30.00 fps, dropped buffers: 2
<<<<<<<<<<<<<<<<<<<<<<<<<<<<<< 30.00 fps
<<<<<<<<<<<<<<<<<<<<<<<<<<< 30.00 fps, dropped buffers: 3
<<<<<<<<<<<<<<<<<<<<<<<<<<< 30.00 fps, dropped buffers: 3
<<<<<<<<<<<<<<<<<<<<<<<<<<<< 30.00 fps, dropped buffers: 2
<<<<<<<<<<<<<<<<<<<<<<<<<<<<< 30.00 fps, dropped buffers: 1
<<<<<<<<<<<<<<<<<<<<<<<<<<<<< 30.00 fps, dropped buffers: 1
<<<<<<<<<<<<<<<<<<<<<<<<<<<<< 30.00 fps, dropped buffers: 2
<<<<<<<<<<<<<<<<<<<<<<<<<<<< 30.00 fps, dropped buffers: 1
<<<<<<<<<<<<<<<<<<<<<<<<<< 30.00 fps, dropped buffers: 4
<<<<<<<<<<<<<<<<<<<<<<<<<<<< 30.00 fps, dropped buffers: 2
<<<<<<<<<<<<<<<<<<<<<<<<<<<<< 30.00 fps, dropped buffers: 1
<<<<<<<<<<<<<<<<<<<<<<<<<<<< 30.00 fps, dropped buffers: 2
<<<<<<<<<<<<<<<<<<<<<<<<<<<<< 30.00 fps, dropped buffers: 2
<<<<<<<<<<<<<<<<<<<<<<<<<< 30.00 fps, dropped buffers: 3
<<<<<<<<<<<<<<<<<<<<<<<<<<<< 30.00 fps, dropped buffers: 2
<<<<<<<<<<<<<<<<<<<<<<<<<<< 30.00 fps, dropped buffers: 3
<<<<<<<<<<<<<<<<<<<<<<<<<<<< 30.00 fps, dropped buffers: 2
<<<<<<<<<<<<<<<<<<<<<<<<<<< 30.00 fps, dropped buffers: 4
<<<<<<<<<<<<<<<<<<<<<<<<<< 30.00 fps, dropped buffers: 3
<<<<<<<<<<<<<<<<<<<<<<<<<<<< 30.00 fps, dropped buffers: 2
<<<<<<<<<<<<<<<<<<<<<<<<<<<<< 30.00 fps, dropped buffers: 1
<<<<<<<<<<<<<<<<<<<<<<<<<<<<< 30.00 fps, dropped buffers: 1
<<<<<<<<<<<<<<<<<<<<<<<<<<<<<< 30.00 fps
<<<<<<<<<<<<<<<<<<<<<<<<<< 30.00 fps, dropped buffers: 3
<<<<<<<<<<<<<<<<<<<<<<<<<<<<< 30.00 fps, dropped buffers: 2
<<<<<<<<<<<<<<<<<<<<<<<<<<< 30.00 fps, dropped buffers: 3
<<<<<<<<<<<<<<<<<<<<<<<<<<< 30.00 fps, dropped buffers: 3
<<<<<<<<<<<<<<<<<<<<<<<<<<<< 30.00 fps, dropped buffers: 2
<<<<<<<<<<<<<<<<<<<<<<<<<<< 30.00 fps, dropped buffers: 3
<<<<<<<<<<<<<<<<<<<<<<<<<<<< 30.00 fps, dropped buffers: 2
<<<<<<<<<<<<<<<<<<<<<<<<<< 30.00 fps, dropped buffers: 4
<<<<<<<<<<<<<<<<<<<<<<<<<<<< 30.00 fps, dropped buffers: 2
<<<<<<<<<<<<<<<<<<<<<<<<<<< 30.00 fps, dropped buffers: 3
<<<<<<<<<<<<<<<<<<<<<<<<<<<<< 30.00 fps, dropped buffers: 1
<<<<<<<<<<<<<<<<<<<<<<<<<<<< 30.00 fps, dropped buffers: 2
<<<<<<<<<<<<<<<<<<<<<<<<<<<< 30.00 fps, dropped buffers: 2
<<<<<<<<<<<<<<<<<<<<<<<<<<<< 30.00 fps, dropped buffers: 2
<<<<<<<<<<<<<<<<<<<<<<<<<<< 30.00 fps, dropped buffers: 3
<<<<<<<<<<<<<<<<<<<<<<<<<<<< 30.00 fps, dropped buffers: 2
<<<<<<<<<<<<<<<<<<<<<<<<<< 30.00 fps, dropped buffers: 4
<<<<<<<<<<<<<<<<<<<<<<<<<<< 30.00 fps, dropped buffers: 3
<<<<<<<<<<<<<<<<<<<<<<<<<<<<<< 30.00 fps
<<<<<<<<<<<<<<<<<<<<<<<<<<<<< 30.00 fps, dropped buffers: 1
<<<<<<<<<<<<<<<<<<<<<<<<<< 30.00 fps, dropped buffers: 4
<<<<<<<<<<<<<<<<<<<<<<<<<<< 30.00 fps, dropped buffers: 3
<<<<<<<<<<<<<<<<<<<<<<<<<<<<< 30.00 fps, dropped buffers: 1
<<<<<<<<<<<<<<<<<<<<<<<<<<<<< 30.00 fps, dropped buffers: 1
<<<<<<<<<<<<<<<<<<<<<<<<<< 30.00 fps, dropped buffers: 4
<<<<<<<<<<<<<<<<<<<<<<<<<<<<< 30.00 fps, dropped buffers: 1
<<<<<<<<<<<<<<<<<<<<<<<<<<<< 30.00 fps, dropped buffers: 2
<<<<<<<<<<<<<<<<<<<<<<<<<<<< 30.00 fps, dropped buffers: 2
<<<<<<<<<<<<<<<<<<<<<<<<<<<<< 30.00 fps, dropped buffers: 1
<<<<<<<<<<<<<<<<<<<<<<<<<<<< 30.00 fps, dropped buffers: 2
<<<<<<<<<<<<<<<<<<<<<<<<<<< 30.00 fps, dropped buffers: 3
<<<<<<<<<<<<<<<<<<<<<<<<<< 30.00 fps, dropped buffers: 4
<<<<<<<<<<<<<<<<<<<<<<<<<<<<< 30.00 fps, dropped buffers: 2
<<<<<<<<<<<<<<<<<<<<<<<<<<<< 30.00 fps, dropped buffers: 1
<<<<<<<<<<<<<<<<<<<<<<<<<<< 30.00 fps, dropped buffers: 3
<<<<<<<<<<<<<<<<<<<<<<<<<<< 30.00 fps, dropped buffers: 3
<<<<<<<<<<<<<<<<<<<<<<<<<<<< 30.00 fps, dropped buffers: 2
<<<<<<<<<<<<<<<<<<<<<<<<<<< 30.00 fps, dropped buffers: 3
<<<<<<<<<<<<<<<<<<<<<<<<<<<< 30.00 fps, dropped buffers: 2
<<<<<<<<<<<<<<<<<<<<<<<<<<<<<< 30.00 fps
<<<<<<<<<<<<<<<<<<<<<<<<<<< 30.00 fps, dropped buffers: 3
<<<<<<<<<<<<<<<<<<<<<<<<<<<<< 30.00 fps, dropped buffers: 1
<<<<<<<<<<<<<<<<<<<<<<<<<<<< 30.00 fps, dropped buffers: 2
<<<<<<<<<<<<<<<<<<<<<<<<<<<< 30.00 fps, dropped buffers: 2
<<<<<<<<<<<<<<<<<<<<<<<<<<<<< 30.00 fps, dropped buffers: 2
<<<<<<<<<<<<<<<<<<<<<<<<<< 30.00 fps, dropped buffers: 3
<<<<<<<<<<<<<<<<<<<<<<<<<<< 30.00 fps, dropped buffers: 3
<<<<<<<<<<<<<<<<<<<<<<<<<< 30.00 fps, dropped buffers: 4
<<<<<<<<<<<<<<<<<<<<<<<<<< 30.00 fps, dropped buffers: 4
<<<<<<<<<<<<<<<<<<<<<<<<<<< 30.00 fps, dropped buffers: 3
<<<<<<<<<<<<<<<<<<<<<<<<<<<< 30.00 fps, dropped buffers: 2
<<<<<<<<<<<<<<<<<<<<<<<<<<<< 30.00 fps, dropped buffers: 2
<<<<<<<<<<<<<<<<<<<<<<<<<<<< 30.00 fps, dropped buffers: 3
<<<<<<<<<<<<<<<<<<<<<<<<<<<<< 30.00 fps
<<<<<<<<<<<<<<<<<<<<<<<<<<<<<< 30.00 fps
<<<<<<<<<<<<<<<<<<<<<<<<<<<< 30.00 fps, dropped buffers: 2
<<<<<<<<<<<<<<<<<<<<<<<<<<<<< 30.00 fps, dropped buffers: 1
<<<<<<<<<<<<<<<<<<<<<<<<<< 30.00 fps, dropped buffers: 4
<<<<<<<<<<<<<<<<<<<<<<<<<<<< 30.00 fps, dropped buffers: 2
<<<<<<<<<<<<<<<<<<<<<<<<<<<<<< 30.00 fps
<<<<<<<<<<<<<<<<<<<<<<<<<< 30.00 fps, dropped buffers: 4
<<<<<<<<<<<<<<<<<<<<<<<<<<<< 30.00 fps, dropped buffers: 2
<<<<<<<<<<<<<<<<<<<<<<<<< 30.00 fps, dropped buffers: 5
<<<<<<<<<<<<<<<<<<<<<<<<<<<< 30.00 fps, dropped buffers: 2
<<<<<<<<<<<<<<<<<<<<<<<<<<< 30.00 fps, dropped buffers: 3
<<<<<<<<<<<<<<<<<<<<<<<<<<<< 30.00 fps, dropped buffers: 2
<<<<<<<<<<<<<<<<<<<<<<<<<<<< 30.00 fps, dropped buffers: 2
<<<<<<<<<<<<<<<<<<<<<<<<<<< 30.00 fps, dropped buffers: 3
<<<<<<<<<<<<<<<<<<<<<<<<<<< 30.00 fps, dropped buffers: 3
<<<<<<<<<<<<<<<<<<<<<<<<<<<< 30.00 fps, dropped buffers: 2
<<<<<<<<<<<<<<<<<<<<<<<<<<< 30.00 fps, dropped buffers: 3
<<<<<<<<<<<<<<<<<<<<<<<<<<< 30.00 fps, dropped buffers: 3
<<<<<<<<<<<<<<<<<<<<<<<<<<<< 30.00 fps, dropped buffers: 2
<<<<<<<<<<<<<<<<<<<<<<<<<<<< 30.00 fps, dropped buffers: 2
<<<<<<<<<<<<<<<<<<<<<<<<<< 30.00 fps, dropped buffers: 4
<<<<<<<<<<<<<<<<<<<<<<<<<<< 30.00 fps, dropped buffers: 3
<<<<<<<<<<<<<<<<<<<<<<<<<<<<< 30.00 fps, dropped buffers: 1
<<<<<<<<<<<<<<<<<<<<<<<<<<<< 30.00 fps, dropped buffers: 2
<<<<<<<<<<<<<<<<<<<<<<<<<<<<< 30.00 fps, dropped buffers: 1
<<<<<<<<<<<<<<<<<<<<<<<<<<<< 30.00 fps, dropped buffers: 2
<<<<<<<<<<<<<<<<<<<<<<<<<<<< 30.00 fps, dropped buffers: 2
<<<<<<<<<<<<<<<<<<<<<<<<<<<<< 30.00 fps, dropped buffers: 1
<<<<<<<<<<<<<<<<<<<<<<<<<<< 30.00 fps, dropped buffers: 3
<<<<<<<<<<<<<<<<<<<<<<<<<< 30.00 fps, dropped buffers: 4
<<<<<<<<<<<<<<<<<<<<<<<<<<<< 30.00 fps, dropped buffers: 2
<<<<<<<<<<<<<<<<<<<<<<<<<<<< 30.00 fps, dropped buffers: 2
<<<<<<<<<<<<<<<<<<<<<<<<<<<<< 30.00 fps, dropped buffers: 2
<<<<<<<<<<<<<<<<<<<<<<<<<<<< 30.00 fps, dropped buffers: 1
<<<<<<<<<<<<<<<<<<<<<<<<<<< 30.00 fps, dropped buffers: 3
<<<<<<<<<<<<<<<<<<<<<<<<<<<<< 30.00 fps, dropped buffers: 1
<<<<<<<<<<<<<<<<<<<<<<<<<<<< 30.00 fps, dropped buffers: 2
<<<<<<<<<<<<<<<<<<<<<<<<<<<< 30.00 fps, dropped buffers: 2
<<<<<<<<<<<<<<<<<<<<<<<<<<<<< 30.00 fps, dropped buffers: 1
<<<<<<<<<<<<<<<<<<<<<<<<<<<< 30.00 fps, dropped buffers: 2
<<<<<<<<<<<<<<<<<<<<<<<<<<< 30.00 fps, dropped buffers: 3
<<<<<<<<<<<<<<<<<<<<<<<<<<<< 30.00 fps, dropped buffers: 2
<<<<<<<<<<<<<<<<<<<<<<<<< 30.00 fps, dropped buffers: 5
<<<<<<<<<<<<<<<<<<<<<<<<<<< 30.00 fps, dropped buffers: 3
<<<<<<<<<<<<<<<<<<<<<<<<<<<<< 30.00 fps, dropped buffers: 1
<<<<<<<<<<<<<<<<<<<<<<<<<<< 30.00 fps, dropped buffers: 4
<<<<<<<<<<<<<<<<<<<<<<<<<<<< 30.00 fps, dropped buffers: 1
<<<<<<<<<<<<<<<<<<<<<<<<<<<< 30.00 fps, dropped buffers: 2
<<<<<<<<<<<<<<<<<<<<<<<<<<<< 30.00 fps, dropped buffers: 2
<<<<<<<<<<<<<<<<<<<<<<<<<<<<< 30.00 fps, dropped buffers: 1
<<<<<<<<<<<<<<<<<<<<<<<<<<< 30.00 fps, dropped buffers: 3
<<<<<<<<<<<<<<<<<<<<<<<<<<<< 30.00 fps, dropped buffers: 2
<<<<<<<<<<<<<<<<<<<<<<<<<<<< 30.00 fps, dropped buffers: 2
<<<<<<<<<<<<<<<<<<<<<<<<<<<< 30.00 fps, dropped buffers: 2
<<<<<<<<<<<<<<<<<<<<<<<<<<<< 30.00 fps, dropped buffers: 2
<<<<<<<<<<<<<<<<<<<<<<<<<<<< 30.00 fps, dropped buffers: 2
<<<<<<<<<<<<<<<<<<<<<<<<<<<<< 30.00 fps, dropped buffers: 1
<<<<<<<<<<<<<<<<<<<<<<<<<<<<< 30.00 fps, dropped buffers: 1
<<<<<<<<<<<<<<<<<<<<<<<<<<<< 30.00 fps, dropped buffers: 2
<<<<<<<<<<<<<<<<<<<<<<<<<< 30.00 fps, dropped buffers: 4
<<<<<<<<<<<<<<<<<<<<<<<<<<<<< 30.00 fps, dropped buffers: 1
<<<<<<<<<<<<<<<<<<<<<<<<<< 30.00 fps, dropped buffers: 4
<<<<<<<<<<<<<<<<<<<<<<<<<< 30.00 fps, dropped buffers: 4
<<<<<<<<<<<<<<<<<<<<<<<<<<<<<< 30.00 fps
<<<<<<<<<<<<<<<<<<<<<<<<<<<<< 30.00 fps, dropped buffers: 1
<<<<<<<<<<<<<<<<<<<<<<<<<<< 30.00 fps, dropped buffers: 3
<<<<<<<<<<<<<<<<<<<<<<<<<<<<< 30.00 fps, dropped buffers: 1
<<<<<<<<<<<<<<<<<<<<<<<<<<<< 30.00 fps, dropped buffers: 1
<<<<<<<<<<<<<<<<<<<<<<<<<<< 30.00 fps, dropped buffers: 4
<<<<<<<<<<<<<<<<<<<<<<<<<<< 30.00 fps, dropped buffers: 3
<<<<<<<<<<<<<<<<<<<<<<<<<<<<< 30.00 fps, dropped buffers: 1
<<<<<<<<<<<<<<<<<<<<<<<<<<<<< 30.00 fps, dropped buffers: 1
<<<<<<<<<<<<<<<<<<<<<<<<<<<< 30.00 fps, dropped buffers: 2
<<<<<<<<<<<<<<<<<<<<<<<<<<<<< 30.00 fps, dropped buffers: 1
<<<<<<<<<<<<<<<<<<<<<<<<<<<<<< 30.00 fps
<<<<<<<<<<<<<<<<<<<<<<<<<<<< 30.00 fps, dropped buffers: 2
<<<<<<<<<<<<<<<<<<<<<<<<<<<<< 30.00 fps, dropped buffers: 1
<<<<<<<<<<<<<<<<<<<<<<<<<<<< 30.00 fps, dropped buffers: 2
<<<<<<<<<<<<<<<<<<<<<<<<<<<< 30.00 fps, dropped buffers: 2
<<<<<<<<<<<<<<<<<<<<<<<<<<<<< 30.00 fps, dropped buffers: 1
<<<<<<<<<<<<<<<<<<<<<<<<<<<<<< 30.00 fps
<<<<<<<<<<<<<<<<<<<<<<<<<<<< 30.00 fps, dropped buffers: 2
<<<<<<<<<<<<<<<<<<<<<<<<<<< 30.00 fps, dropped buffers: 3
<<<<<<<<<<<<<<<<<<<<<<<<<<<< 30.00 fps, dropped buffers: 2
<<<<<<<<<<<<<<<<<<<<<<<<<<< 30.00 fps, dropped buffers: 3
<<<<<<<<<<<<<<<<<<<<<<<<<<<< 30.00 fps, dropped buffers: 2
<<<<<<<<<<<<<<<<<<<<<<<<<<< 30.00 fps, dropped buffers: 3
<<<<<<<<<<<<<<<<<<<<<<<<<<<<<< 30.00 fps
<<<<<<<<<<<<<<<<<<<<<<<<<< 30.00 fps, dropped buffers: 3
<<<<<<<<<<<<<<<<<<<<<<<<<<<< 30.00 fps, dropped buffers: 3
<<<<<<<<<<<<<<<<<<<<<<<<<< 30.00 fps, dropped buffers: 4
<<<<<<<<<<<<